Training with a single process on 1 device (cuda:0).
Model davit_large created, param count:196811752
Data processing configuration for current model + dataset:
	input_size: (3, 224, 224)
	interpolation: bicubic
	mean: (0.485, 0.456, 0.406)
	std: (0.229, 0.224, 0.225)
	crop_pct: 0.95
	crop_mode: center
Learning rate (0.005) calculated from base learning rate (0.01) and global batch size (128) with linear scaling.
Using native Torch AMP. Training in mixed precision.
Scheduled epochs: 300. LR stepped per epoch.
Train: 0 [   0/32 (  0%)]  Loss: 7.224 (7.22)  Time: 7.678s,   16.67/s  (7.678s,   16.67/s)  LR: 1.000e-05  Data: 0.774 (0.774)
Train: 0 [  31/32 (100%)]  Loss: 7.311 (7.24)  Time: 0.412s,  310.52/s  (0.685s,  186.78/s)  LR: 1.000e-05  Data: 0.001 (0.031)
Test: [   0/32]  Time: 0.786 (0.786)  Loss:  7.1174 (7.1174)  Acc@1:  0.0000 ( 0.0000)  Acc@5:  0.0000 ( 0.0000)
Test: [  32/32]  Time: 0.709 (0.189)  Loss:  7.0505 (7.2335)  Acc@1:  0.0000 ( 0.0969)  Acc@5:  0.0000 ( 0.5329)
Current checkpoints:
 ('/Tmp/slurm.3188069.0/milabench_dev/results/extra/timm/8xA100-SXM-80Go.2023-05-10_13:37:18.387537/davit_large.D5/20230510-140900-davit_large-224/checkpoint-0.pth.tar', 0.09689922480620156)

Train: 1 [   0/32 (  0%)]  Loss: 7.414 (7.41)  Time: 1.283s,   99.75/s  (1.283s,   99.75/s)  LR: 1.008e-03  Data: 0.566 (0.566)
Train: 1 [  31/32 (100%)]  Loss: 6.997 (7.05)  Time: 0.414s,  309.27/s  (0.447s,  286.67/s)  LR: 1.008e-03  Data: 0.001 (0.024)
Test: [   0/32]  Time: 0.625 (0.625)  Loss:  6.8692 (6.8692)  Acc@1:  0.0000 ( 0.0000)  Acc@5:  0.7812 ( 0.7812)
Test: [  32/32]  Time: 0.041 (0.162)  Loss:  6.7063 (6.8682)  Acc@1:  0.0000 ( 0.2665)  Acc@5:  3.1250 ( 1.3081)
Current checkpoints:
 ('/Tmp/slurm.3188069.0/milabench_dev/results/extra/timm/8xA100-SXM-80Go.2023-05-10_13:37:18.387537/davit_large.D5/20230510-140900-davit_large-224/checkpoint-1.pth.tar', 0.26647286821705424)

Train: 2 [   0/32 (  0%)]  Loss: 6.886 (6.89)  Time: 0.974s,  131.40/s  (0.974s,  131.40/s)  LR: 2.006e-03  Data: 0.537 (0.537)
Train: 2 [  31/32 (100%)]  Loss: 6.947 (6.95)  Time: 0.413s,  309.93/s  (0.439s,  291.86/s)  LR: 2.006e-03  Data: 0.000 (0.023)
Test: [   0/32]  Time: 0.635 (0.635)  Loss:  6.7529 (6.7529)  Acc@1:  0.7812 ( 0.7812)  Acc@5:  2.3438 ( 2.3438)
Test: [  32/32]  Time: 0.041 (0.163)  Loss:  6.4895 (6.8233)  Acc@1:  3.1250 ( 0.3149)  Acc@5:  6.2500 ( 1.1386)
Current checkpoints:
 ('/Tmp/slurm.3188069.0/milabench_dev/results/extra/timm/8xA100-SXM-80Go.2023-05-10_13:37:18.387537/davit_large.D5/20230510-140900-davit_large-224/checkpoint-2.pth.tar', 0.31492248062015504)

Train: 3 [   0/32 (  0%)]  Loss: 6.860 (6.86)  Time: 0.961s,  133.16/s  (0.961s,  133.16/s)  LR: 3.004e-03  Data: 0.532 (0.532)
Train: 3 [  31/32 (100%)]  Loss: 6.997 (6.96)  Time: 0.412s,  310.58/s  (0.436s,  293.57/s)  LR: 3.004e-03  Data: 0.000 (0.023)
Test: [   0/32]  Time: 0.635 (0.635)  Loss:  6.8121 (6.8121)  Acc@1:  0.0000 ( 0.0000)  Acc@5:  0.0000 ( 0.0000)
Test: [  32/32]  Time: 0.041 (0.163)  Loss:  6.3751 (6.8170)  Acc@1:  0.0000 ( 0.0969)  Acc@5:  0.0000 ( 0.9448)
Train: 4 [   0/32 (  0%)]  Loss: 6.864 (6.86)  Time: 0.971s,  131.83/s  (0.971s,  131.83/s)  LR: 4.002e-03  Data: 0.540 (0.540)
