Training with a single process on 1 device (cuda:0).
Model davit_large created, param count:196811752
Data processing configuration for current model + dataset:
	input_size: (3, 224, 224)
	interpolation: bicubic
	mean: (0.485, 0.456, 0.406)
	std: (0.229, 0.224, 0.225)
	crop_pct: 0.95
	crop_mode: center
Learning rate (0.005) calculated from base learning rate (0.01) and global batch size (128) with linear scaling.
Using native Torch AMP. Training in mixed precision.
Scheduled epochs: 300. LR stepped per epoch.
Train: 0 [   0/32 (  0%)]  Loss: 7.224 (7.22)  Time: 8.267s,   15.48/s  (8.267s,   15.48/s)  LR: 1.000e-05  Data: 0.801 (0.801)
Train: 0 [  31/32 (100%)]  Loss: 7.311 (7.24)  Time: 0.410s,  312.12/s  (0.677s,  189.07/s)  LR: 1.000e-05  Data: 0.001 (0.032)
Test: [   0/32]  Time: 0.843 (0.843)  Loss:  7.1174 (7.1174)  Acc@1:  0.0000 ( 0.0000)  Acc@5:  0.0000 ( 0.0000)
Test: [  32/32]  Time: 1.085 (0.199)  Loss:  7.0505 (7.2336)  Acc@1:  0.0000 ( 0.0969)  Acc@5:  0.0000 ( 0.5329)
Current checkpoints:
 ('/Tmp/slurm.3188069.0/milabench_dev/results/extra/timm/8xA100-SXM-80Go.2023-05-10_13:37:18.387537/davit_large.D3/20230510-140901-davit_large-224/checkpoint-0.pth.tar', 0.09689922480620156)

Train: 1 [   0/32 (  0%)]  Loss: 7.413 (7.41)  Time: 1.438s,   88.98/s  (1.438s,   88.98/s)  LR: 1.008e-03  Data: 0.553 (0.553)
Train: 1 [  31/32 (100%)]  Loss: 6.997 (7.05)  Time: 0.409s,  312.77/s  (0.447s,  286.10/s)  LR: 1.008e-03  Data: 0.000 (0.024)
Test: [   0/32]  Time: 0.616 (0.616)  Loss:  6.8693 (6.8693)  Acc@1:  0.0000 ( 0.0000)  Acc@5:  0.7812 ( 0.7812)
Test: [  32/32]  Time: 0.040 (0.160)  Loss:  6.7065 (6.8682)  Acc@1:  0.0000 ( 0.2907)  Acc@5:  3.1250 ( 1.2839)
Current checkpoints:
 ('/Tmp/slurm.3188069.0/milabench_dev/results/extra/timm/8xA100-SXM-80Go.2023-05-10_13:37:18.387537/davit_large.D3/20230510-140901-davit_large-224/checkpoint-1.pth.tar', 0.29069767441860467)

Train: 2 [   0/32 (  0%)]  Loss: 6.886 (6.89)  Time: 0.960s,  133.32/s  (0.960s,  133.32/s)  LR: 2.006e-03  Data: 0.525 (0.525)
Train: 2 [  31/32 (100%)]  Loss: 6.948 (6.95)  Time: 0.409s,  313.12/s  (0.434s,  295.13/s)  LR: 2.006e-03  Data: 0.001 (0.023)
Test: [   0/32]  Time: 0.608 (0.608)  Loss:  6.7542 (6.7542)  Acc@1:  0.7812 ( 0.7812)  Acc@5:  2.3438 ( 2.3438)
Test: [  32/32]  Time: 0.040 (0.160)  Loss:  6.4955 (6.8235)  Acc@1:  3.1250 ( 0.3149)  Acc@5:  6.2500 ( 1.0901)
Current checkpoints:
 ('/Tmp/slurm.3188069.0/milabench_dev/results/extra/timm/8xA100-SXM-80Go.2023-05-10_13:37:18.387537/davit_large.D3/20230510-140901-davit_large-224/checkpoint-2.pth.tar', 0.31492248062015504)

Train: 3 [   0/32 (  0%)]  Loss: 6.861 (6.86)  Time: 0.991s,  129.15/s  (0.991s,  129.15/s)  LR: 3.004e-03  Data: 0.562 (0.562)
Train: 3 [  31/32 (100%)]  Loss: 7.002 (6.96)  Time: 0.411s,  311.81/s  (0.433s,  295.86/s)  LR: 3.004e-03  Data: 0.000 (0.024)
Test: [   0/32]  Time: 0.613 (0.613)  Loss:  6.8164 (6.8164)  Acc@1:  0.0000 ( 0.0000)  Acc@5:  0.0000 ( 0.0000)
Test: [  32/32]  Time: 0.040 (0.160)  Loss:  6.3802 (6.8160)  Acc@1:  0.0000 ( 0.1453)  Acc@5:  0.0000 ( 1.0901)
Train: 4 [   0/32 (  0%)]  Loss: 6.876 (6.88)  Time: 0.986s,  129.85/s  (0.986s,  129.85/s)  LR: 4.002e-03  Data: 0.545 (0.545)
