Training with a single process on 1 device (cuda:0).
Model davit_large created, param count:196811752
Data processing configuration for current model + dataset:
	input_size: (3, 224, 224)
	interpolation: bicubic
	mean: (0.485, 0.456, 0.406)
	std: (0.229, 0.224, 0.225)
	crop_pct: 0.95
	crop_mode: center
Learning rate (0.005) calculated from base learning rate (0.01) and global batch size (128) with linear scaling.
Using native Torch AMP. Training in mixed precision.
Scheduled epochs: 300. LR stepped per epoch.
Train: 0 [   0/32 (  0%)]  Loss: 7.224 (7.22)  Time: 7.490s,   17.09/s  (7.490s,   17.09/s)  LR: 1.000e-05  Data: 0.687 (0.687)
Train: 0 [  31/32 (100%)]  Loss: 7.311 (7.24)  Time: 0.412s,  310.64/s  (0.675s,  189.68/s)  LR: 1.000e-05  Data: 0.001 (0.028)
Test: [   0/32]  Time: 0.794 (0.794)  Loss:  7.1174 (7.1174)  Acc@1:  0.0000 ( 0.0000)  Acc@5:  0.0000 ( 0.0000)
Test: [  32/32]  Time: 0.717 (0.186)  Loss:  7.0504 (7.2336)  Acc@1:  0.0000 ( 0.0969)  Acc@5:  0.0000 ( 0.5329)
Current checkpoints:
 ('/Tmp/slurm.3188069.0/milabench_dev/results/extra/timm/8xA100-SXM-80Go.2023-05-10_13:37:18.387537/davit_large.D7/20230510-140900-davit_large-224/checkpoint-0.pth.tar', 0.09689922480620156)

Train: 1 [   0/32 (  0%)]  Loss: 7.413 (7.41)  Time: 1.256s,  101.91/s  (1.256s,  101.91/s)  LR: 1.008e-03  Data: 0.523 (0.523)
Train: 1 [  31/32 (100%)]  Loss: 6.997 (7.05)  Time: 0.411s,  311.43/s  (0.444s,  288.35/s)  LR: 1.008e-03  Data: 0.000 (0.023)
Test: [   0/32]  Time: 0.596 (0.596)  Loss:  6.8693 (6.8693)  Acc@1:  0.0000 ( 0.0000)  Acc@5:  0.7812 ( 0.7812)
Test: [  32/32]  Time: 0.040 (0.160)  Loss:  6.7063 (6.8682)  Acc@1:  0.0000 ( 0.2907)  Acc@5:  3.1250 ( 1.2839)
Current checkpoints:
 ('/Tmp/slurm.3188069.0/milabench_dev/results/extra/timm/8xA100-SXM-80Go.2023-05-10_13:37:18.387537/davit_large.D7/20230510-140900-davit_large-224/checkpoint-1.pth.tar', 0.29069767441860467)

Train: 2 [   0/32 (  0%)]  Loss: 6.886 (6.89)  Time: 0.969s,  132.16/s  (0.969s,  132.16/s)  LR: 2.006e-03  Data: 0.522 (0.522)
Train: 2 [  31/32 (100%)]  Loss: 6.948 (6.95)  Time: 0.411s,  311.49/s  (0.435s,  294.49/s)  LR: 2.006e-03  Data: 0.000 (0.022)
Test: [   0/32]  Time: 0.595 (0.595)  Loss:  6.7542 (6.7542)  Acc@1:  0.7812 ( 0.7812)  Acc@5:  2.3438 ( 2.3438)
Test: [  32/32]  Time: 0.040 (0.161)  Loss:  6.4956 (6.8235)  Acc@1:  3.1250 ( 0.3149)  Acc@5:  6.2500 ( 1.0901)
Current checkpoints:
 ('/Tmp/slurm.3188069.0/milabench_dev/results/extra/timm/8xA100-SXM-80Go.2023-05-10_13:37:18.387537/davit_large.D7/20230510-140900-davit_large-224/checkpoint-2.pth.tar', 0.31492248062015504)

Train: 3 [   0/32 (  0%)]  Loss: 6.861 (6.86)  Time: 0.968s,  132.16/s  (0.968s,  132.16/s)  LR: 3.004e-03  Data: 0.525 (0.525)
Train: 3 [  31/32 (100%)]  Loss: 7.002 (6.96)  Time: 0.411s,  311.52/s  (0.434s,  294.66/s)  LR: 3.004e-03  Data: 0.000 (0.022)
Test: [   0/32]  Time: 0.606 (0.606)  Loss:  6.8164 (6.8164)  Acc@1:  0.0000 ( 0.0000)  Acc@5:  0.0000 ( 0.0000)
Test: [  32/32]  Time: 0.040 (0.160)  Loss:  6.3802 (6.8160)  Acc@1:  0.0000 ( 0.1453)  Acc@5:  0.0000 ( 1.0901)
Train: 4 [   0/32 (  0%)]  Loss: 6.876 (6.88)  Time: 0.976s,  131.19/s  (0.976s,  131.19/s)  LR: 4.002e-03  Data: 0.550 (0.550)
