/Tmp/slurm.3188069.0/milabench_dev/results/venv/torch/lib/python3.9/site-packages/torch/distributed/distributed_c10d.py:283: UserWarning: torch.distributed.reduce_op is deprecated, please use torch.distributed.ReduceOp instead
  warnings.warn(
STAGE:2023-05-10 14:28:42 1767328:1767328 ActivityProfilerController.cpp:311] Completed Stage: Warm Up
STAGE:2023-05-10 14:34:28 1767328:1767328 ActivityProfilerController.cpp:317] Completed Stage: Collection
STAGE:2023-05-10 14:34:29 1767328:1767328 ActivityProfilerController.cpp:321] Completed Stage: Post Processing
