Unable to import mlperf_logging,  No module named 'mlperf_logging'
world size: 1, current rank: 0, local rank: 0
Using 8 GPU(s)...
time/loss/accuracy (if enabled):
