/opt/amdgpu/share/libdrm/amdgpu.ids: No such file or directory
/opt/amdgpu/share/libdrm/amdgpu.ids: No such file or directory
/opt/amdgpu/share/libdrm/amdgpu.ids: No such file or directory
/opt/amdgpu/share/libdrm/amdgpu.ids: No such file or directory
/opt/amdgpu/share/libdrm/amdgpu.ids: No such file or directory
/opt/amdgpu/share/libdrm/amdgpu.ids: No such file or directory
/opt/amdgpu/share/libdrm/amdgpu.ids: No such file or directory
/opt/amdgpu/share/libdrm/amdgpu.ids: No such file or directory
/opt/amdgpu/share/libdrm/amdgpu.ids: No such file or directory
/opt/amdgpu/share/libdrm/amdgpu.ids: No such file or directory
/opt/amdgpu/share/libdrm/amdgpu.ids: No such file or directory
/opt/amdgpu/share/libdrm/amdgpu.ids: No such file or directory
/opt/amdgpu/share/libdrm/amdgpu.ids: No such file or directory
/opt/amdgpu/share/libdrm/amdgpu.ids: No such file or directory
/opt/amdgpu/share/libdrm/amdgpu.ids: No such file or directory
/opt/amdgpu/share/libdrm/amdgpu.ids: No such file or directory
Training with a single process on 1 device (cuda:0).
Model davit_large created, param count:196811752
Data processing configuration for current model + dataset:
	input_size: (3, 224, 224)
	interpolation: bicubic
	mean: (0.485, 0.456, 0.406)
	std: (0.229, 0.224, 0.225)
	crop_pct: 0.95
	crop_mode: center
Learning rate (0.005) calculated from base learning rate (0.01) and global batch size (128) with linear scaling.
Using native Torch AMP. Training in mixed precision.
Scheduled epochs: 300. LR stepped per epoch.
Train: 0 [   0/32 (  0%)]  Loss: 7.224 (7.22)  Time: 5.712s,   22.41/s  (5.712s,   22.41/s)  LR: 1.000e-05  Data: 0.755 (0.755)
Train: 0 [  31/32 (100%)]  Loss: 7.312 (7.24)  Time: 2.808s,   45.58/s  (2.912s,   43.95/s)  LR: 1.000e-05  Data: 0.001 (0.031)
Test: [   0/32]  Time: 1.126 (1.126)  Loss:  7.1176 (7.1176)  Acc@1:  0.0000 ( 0.0000)  Acc@5:  0.0000 ( 0.0000)
Test: [  32/32]  Time: 0.375 (0.619)  Loss:  7.0510 (7.2337)  Acc@1:  0.0000 ( 0.0969)  Acc@5:  0.0000 ( 0.5329)
Current checkpoints:
 ('/milabench/envs/extra/timm/redizilo.2023-05-08_17:54:51.224604/davit_large.D7/20230508-183305-davit_large-224/checkpoint-0.pth.tar', 0.09689922480620156)

Train: 1 [   0/32 (  0%)]  Loss: 7.414 (7.41)  Time: 3.388s,   37.78/s  (3.388s,   37.78/s)  LR: 1.008e-03  Data: 0.547 (0.547)
Memory access fault by GPU node-9 (Agent handle: 0x8833eb0) on address 0x7f9df4a00000. Reason: Unknown.
