/opt/amdgpu/share/libdrm/amdgpu.ids: No such file or directory
/opt/amdgpu/share/libdrm/amdgpu.ids: No such file or directory
/opt/amdgpu/share/libdrm/amdgpu.ids: No such file or directory
/opt/amdgpu/share/libdrm/amdgpu.ids: No such file or directory
/opt/amdgpu/share/libdrm/amdgpu.ids: No such file or directory
/opt/amdgpu/share/libdrm/amdgpu.ids: No such file or directory
/opt/amdgpu/share/libdrm/amdgpu.ids: No such file or directory
/opt/amdgpu/share/libdrm/amdgpu.ids: No such file or directory
/opt/amdgpu/share/libdrm/amdgpu.ids: No such file or directory
/opt/amdgpu/share/libdrm/amdgpu.ids: No such file or directory
/opt/amdgpu/share/libdrm/amdgpu.ids: No such file or directory
/opt/amdgpu/share/libdrm/amdgpu.ids: No such file or directory
/opt/amdgpu/share/libdrm/amdgpu.ids: No such file or directory
/opt/amdgpu/share/libdrm/amdgpu.ids: No such file or directory
/opt/amdgpu/share/libdrm/amdgpu.ids: No such file or directory
/opt/amdgpu/share/libdrm/amdgpu.ids: No such file or directory
/opt/amdgpu/share/libdrm/amdgpu.ids: No such file or directory
/opt/amdgpu/share/libdrm/amdgpu.ids: No such file or directory
/opt/amdgpu/share/libdrm/amdgpu.ids: No such file or directory
/opt/amdgpu/share/libdrm/amdgpu.ids: No such file or directory
/opt/amdgpu/share/libdrm/amdgpu.ids: No such file or directory
/opt/amdgpu/share/libdrm/amdgpu.ids: No such file or directory
/opt/amdgpu/share/libdrm/amdgpu.ids: No such file or directory
/opt/amdgpu/share/libdrm/amdgpu.ids: No such file or directory
/opt/amdgpu/share/libdrm/amdgpu.ids: No such file or directory
/opt/amdgpu/share/libdrm/amdgpu.ids: No such file or directory
/opt/amdgpu/share/libdrm/amdgpu.ids: No such file or directory
/opt/amdgpu/share/libdrm/amdgpu.ids: No such file or directory
/opt/amdgpu/share/libdrm/amdgpu.ids: No such file or directory
/opt/amdgpu/share/libdrm/amdgpu.ids: No such file or directory
/opt/amdgpu/share/libdrm/amdgpu.ids: No such file or directory
/opt/amdgpu/share/libdrm/amdgpu.ids: No such file or directory
/opt/amdgpu/share/libdrm/amdgpu.ids: No such file or directory
/opt/amdgpu/share/libdrm/amdgpu.ids: No such file or directory
/opt/amdgpu/share/libdrm/amdgpu.ids: No such file or directory
/opt/amdgpu/share/libdrm/amdgpu.ids: No such file or directory
/opt/amdgpu/share/libdrm/amdgpu.ids: No such file or directory
/opt/amdgpu/share/libdrm/amdgpu.ids: No such file or directory
/opt/amdgpu/share/libdrm/amdgpu.ids: No such file or directory
/opt/amdgpu/share/libdrm/amdgpu.ids: No such file or directory
/opt/amdgpu/share/libdrm/amdgpu.ids: No such file or directory
/opt/amdgpu/share/libdrm/amdgpu.ids: No such file or directory
/opt/amdgpu/share/libdrm/amdgpu.ids: No such file or directory
/opt/amdgpu/share/libdrm/amdgpu.ids: No such file or directory
/opt/amdgpu/share/libdrm/amdgpu.ids: No such file or directory
/opt/amdgpu/share/libdrm/amdgpu.ids: No such file or directory
/opt/amdgpu/share/libdrm/amdgpu.ids: No such file or directory
/opt/amdgpu/share/libdrm/amdgpu.ids: No such file or directory
/opt/amdgpu/share/libdrm/amdgpu.ids: No such file or directory
/opt/amdgpu/share/libdrm/amdgpu.ids: No such file or directory
/opt/amdgpu/share/libdrm/amdgpu.ids: No such file or directory
/opt/amdgpu/share/libdrm/amdgpu.ids: No such file or directory
/opt/amdgpu/share/libdrm/amdgpu.ids: No such file or directory
/opt/amdgpu/share/libdrm/amdgpu.ids: No such file or directory
/opt/amdgpu/share/libdrm/amdgpu.ids: No such file or directory
/opt/amdgpu/share/libdrm/amdgpu.ids: No such file or directory
/opt/amdgpu/share/libdrm/amdgpu.ids: No such file or directory
/opt/amdgpu/share/libdrm/amdgpu.ids: No such file or directory
/opt/amdgpu/share/libdrm/amdgpu.ids: No such file or directory
/opt/amdgpu/share/libdrm/amdgpu.ids: No such file or directory
/opt/amdgpu/share/libdrm/amdgpu.ids: No such file or directory
/opt/amdgpu/share/libdrm/amdgpu.ids: No such file or directory
/opt/amdgpu/share/libdrm/amdgpu.ids: No such file or directory
/opt/amdgpu/share/libdrm/amdgpu.ids: No such file or directory
/opt/amdgpu/share/libdrm/amdgpu.ids: No such file or directory
/opt/amdgpu/share/libdrm/amdgpu.ids: No such file or directory
/opt/amdgpu/share/libdrm/amdgpu.ids: No such file or directory
/opt/amdgpu/share/libdrm/amdgpu.ids: No such file or directory
/opt/amdgpu/share/libdrm/amdgpu.ids: No such file or directory
/opt/amdgpu/share/libdrm/amdgpu.ids: No such file or directory
/opt/amdgpu/share/libdrm/amdgpu.ids: No such file or directory
/opt/amdgpu/share/libdrm/amdgpu.ids: No such file or directory
/opt/amdgpu/share/libdrm/amdgpu.ids: No such file or directory
/opt/amdgpu/share/libdrm/amdgpu.ids: No such file or directory
/opt/amdgpu/share/libdrm/amdgpu.ids: No such file or directory
/opt/amdgpu/share/libdrm/amdgpu.ids: No such file or directory
/opt/amdgpu/share/libdrm/amdgpu.ids: No such file or directory
/opt/amdgpu/share/libdrm/amdgpu.ids: No such file or directory
/opt/amdgpu/share/libdrm/amdgpu.ids: No such file or directory
/opt/amdgpu/share/libdrm/amdgpu.ids: No such file or directory
/opt/amdgpu/share/libdrm/amdgpu.ids: No such file or directory
/opt/amdgpu/share/libdrm/amdgpu.ids: No such file or directory
/opt/amdgpu/share/libdrm/amdgpu.ids: No such file or directory
/opt/amdgpu/share/libdrm/amdgpu.ids: No such file or directory
/opt/amdgpu/share/libdrm/amdgpu.ids: No such file or directory
/opt/amdgpu/share/libdrm/amdgpu.ids: No such file or directory
/opt/amdgpu/share/libdrm/amdgpu.ids: No such file or directory
/opt/amdgpu/share/libdrm/amdgpu.ids: No such file or directory
/opt/amdgpu/share/libdrm/amdgpu.ids: No such file or directory
/opt/amdgpu/share/libdrm/amdgpu.ids: No such file or directory
/opt/amdgpu/share/libdrm/amdgpu.ids: No such file or directory
/opt/amdgpu/share/libdrm/amdgpu.ids: No such file or directory
/opt/amdgpu/share/libdrm/amdgpu.ids: No such file or directory
/opt/amdgpu/share/libdrm/amdgpu.ids: No such file or directory
/opt/amdgpu/share/libdrm/amdgpu.ids: No such file or directory
/opt/amdgpu/share/libdrm/amdgpu.ids: No such file or directory
/opt/amdgpu/share/libdrm/amdgpu.ids: No such file or directory
/opt/amdgpu/share/libdrm/amdgpu.ids: No such file or directory
/opt/amdgpu/share/libdrm/amdgpu.ids: No such file or directory
/opt/amdgpu/share/libdrm/amdgpu.ids: No such file or directory
/opt/amdgpu/share/libdrm/amdgpu.ids: No such file or directory
/opt/amdgpu/share/libdrm/amdgpu.ids: No such file or directory
/opt/amdgpu/share/libdrm/amdgpu.ids: No such file or directory
/opt/amdgpu/share/libdrm/amdgpu.ids: No such file or directory
/opt/amdgpu/share/libdrm/amdgpu.ids: No such file or directory
/opt/amdgpu/share/libdrm/amdgpu.ids: No such file or directory
/opt/amdgpu/share/libdrm/amdgpu.ids: No such file or directory
/opt/amdgpu/share/libdrm/amdgpu.ids: No such file or directory
/opt/amdgpu/share/libdrm/amdgpu.ids: No such file or directory
/opt/amdgpu/share/libdrm/amdgpu.ids: No such file or directory
/opt/amdgpu/share/libdrm/amdgpu.ids: No such file or directory
/opt/amdgpu/share/libdrm/amdgpu.ids: No such file or directory
/opt/amdgpu/share/libdrm/amdgpu.ids: No such file or directory
/opt/amdgpu/share/libdrm/amdgpu.ids: No such file or directory
/opt/amdgpu/share/libdrm/amdgpu.ids: No such file or directory
/opt/amdgpu/share/libdrm/amdgpu.ids: No such file or directory
/opt/amdgpu/share/libdrm/amdgpu.ids: No such file or directory
/opt/amdgpu/share/libdrm/amdgpu.ids: No such file or directory
/opt/amdgpu/share/libdrm/amdgpu.ids: No such file or directory
/opt/amdgpu/share/libdrm/amdgpu.ids: No such file or directory
/opt/amdgpu/share/libdrm/amdgpu.ids: No such file or directory
/opt/amdgpu/share/libdrm/amdgpu.ids: No such file or directory
/opt/amdgpu/share/libdrm/amdgpu.ids: No such file or directory
/opt/amdgpu/share/libdrm/amdgpu.ids: No such file or directory
/opt/amdgpu/share/libdrm/amdgpu.ids: No such file or directory
/opt/amdgpu/share/libdrm/amdgpu.ids: No such file or directory
/opt/amdgpu/share/libdrm/amdgpu.ids: No such file or directory
/opt/amdgpu/share/libdrm/amdgpu.ids: No such file or directory
  0%|          | 0/3 [00:00<?, ?it/s]  0%|          | 0/3 [00:00<?, ?it/s]  0%|          | 0/3 [00:00<?, ?it/s]  0%|          | 0/3 [00:00<?, ?it/s]  0%|          | 0/3 [00:00<?, ?it/s]  0%|          | 0/3 [00:00<?, ?it/s]  0%|          | 0/3 [00:00<?, ?it/s]  0%|          | 0/3 [00:00<?, ?it/s] 67%|██████▋   | 2/3 [00:00<00:00,  2.26it/s] 67%|██████▋   | 2/3 [00:00<00:00,  2.26it/s] 67%|██████▋   | 2/3 [00:00<00:00,  2.06it/s] 67%|██████▋   | 2/3 [00:00<00:00,  2.06it/s] 67%|██████▋   | 2/3 [00:00<00:00,  2.10it/s] 67%|██████▋   | 2/3 [00:00<00:00,  2.08it/s] 67%|██████▋   | 2/3 [00:00<00:00,  2.12it/s] 67%|██████▋   | 2/3 [00:00<00:00,  2.13it/s]100%|██████████| 3/3 [00:00<00:00,  3.38it/s]
100%|██████████| 3/3 [00:00<00:00,  3.09it/s]
100%|██████████| 3/3 [00:00<00:00,  3.15it/s]
100%|██████████| 3/3 [00:00<00:00,  3.11it/s]
100%|██████████| 3/3 [00:00<00:00,  3.17it/s]
100%|██████████| 3/3 [00:00<00:00,  3.38it/s]
100%|██████████| 3/3 [00:00<00:00,  3.09it/s]
100%|██████████| 3/3 [00:00<00:00,  3.19it/s]
loading configuration file config.json from cache at /milabench/envs/cache/huggingface/hub/models--facebook--opt-1.3b/snapshots/8c7b10754972749675d22364c25c428b29face51/config.json
Model config OPTConfig {
  "_name_or_path": "facebook/opt-1.3b",
  "_remove_final_layer_norm": false,
  "activation_dropout": 0.0,
  "activation_function": "relu",
  "architectures": [
    "OPTForCausalLM"
  ],
  "attention_dropout": 0.0,
  "bos_token_id": 2,
  "do_layer_norm_before": true,
  "dropout": 0.1,
  "enable_bias": true,
  "eos_token_id": 2,
  "ffn_dim": 8192,
  "hidden_size": 2048,
  "init_std": 0.02,
  "layer_norm_elementwise_affine": true,
  "layerdrop": 0.0,
  "max_position_embeddings": 2048,
  "model_type": "opt",
  "num_attention_heads": 32,
  "num_hidden_layers": 24,
  "pad_token_id": 1,
  "prefix": "</s>",
  "torch_dtype": "float16",
  "transformers_version": "4.27.4",
  "use_cache": true,
  "vocab_size": 50272,
  "word_embed_proj_dim": 2048
}

loading configuration file config.json from cache at /milabench/envs/cache/huggingface/hub/models--facebook--opt-1.3b/snapshots/8c7b10754972749675d22364c25c428b29face51/config.json
Model config OPTConfig {
  "_name_or_path": "facebook/opt-1.3b",
  "_remove_final_layer_norm": false,
  "activation_dropout": 0.0,
  "activation_function": "relu",
  "architectures": [
    "OPTForCausalLM"
  ],
  "attention_dropout": 0.0,
  "bos_token_id": 2,
  "do_layer_norm_before": true,
  "dropout": 0.1,
  "enable_bias": true,
  "eos_token_id": 2,
  "ffn_dim": 8192,
  "hidden_size": 2048,
  "init_std": 0.02,
  "layer_norm_elementwise_affine": true,
  "layerdrop": 0.0,
  "max_position_embeddings": 2048,
  "model_type": "opt",
  "num_attention_heads": 32,
  "num_hidden_layers": 24,
  "pad_token_id": 1,
  "prefix": "</s>",
  "torch_dtype": "float16",
  "transformers_version": "4.27.4",
  "use_cache": true,
  "vocab_size": 50272,
  "word_embed_proj_dim": 2048
}

loading file vocab.json from cache at /milabench/envs/cache/huggingface/hub/models--facebook--opt-1.3b/snapshots/8c7b10754972749675d22364c25c428b29face51/vocab.json
loading file merges.txt from cache at /milabench/envs/cache/huggingface/hub/models--facebook--opt-1.3b/snapshots/8c7b10754972749675d22364c25c428b29face51/merges.txt
loading file tokenizer.json from cache at None
loading file added_tokens.json from cache at None
loading file special_tokens_map.json from cache at /milabench/envs/cache/huggingface/hub/models--facebook--opt-1.3b/snapshots/8c7b10754972749675d22364c25c428b29face51/special_tokens_map.json
loading file tokenizer_config.json from cache at /milabench/envs/cache/huggingface/hub/models--facebook--opt-1.3b/snapshots/8c7b10754972749675d22364c25c428b29face51/tokenizer_config.json
loading configuration file config.json from cache at /milabench/envs/cache/huggingface/hub/models--facebook--opt-1.3b/snapshots/8c7b10754972749675d22364c25c428b29face51/config.json
Model config OPTConfig {
  "_name_or_path": "facebook/opt-1.3b",
  "_remove_final_layer_norm": false,
  "activation_dropout": 0.0,
  "activation_function": "relu",
  "architectures": [
    "OPTForCausalLM"
  ],
  "attention_dropout": 0.0,
  "bos_token_id": 2,
  "do_layer_norm_before": true,
  "dropout": 0.1,
  "enable_bias": true,
  "eos_token_id": 2,
  "ffn_dim": 8192,
  "hidden_size": 2048,
  "init_std": 0.02,
  "layer_norm_elementwise_affine": true,
  "layerdrop": 0.0,
  "max_position_embeddings": 2048,
  "model_type": "opt",
  "num_attention_heads": 32,
  "num_hidden_layers": 24,
  "pad_token_id": 1,
  "prefix": "</s>",
  "torch_dtype": "float16",
  "transformers_version": "4.27.4",
  "use_cache": true,
  "vocab_size": 50272,
  "word_embed_proj_dim": 2048
}

loading configuration file config.json from cache at /milabench/envs/cache/huggingface/hub/models--facebook--opt-1.3b/snapshots/8c7b10754972749675d22364c25c428b29face51/config.json
Model config OPTConfig {
  "_name_or_path": "facebook/opt-1.3b",
  "_remove_final_layer_norm": false,
  "activation_dropout": 0.0,
  "activation_function": "relu",
  "architectures": [
    "OPTForCausalLM"
  ],
  "attention_dropout": 0.0,
  "bos_token_id": 2,
  "do_layer_norm_before": true,
  "dropout": 0.1,
  "enable_bias": true,
  "eos_token_id": 2,
  "ffn_dim": 8192,
  "hidden_size": 2048,
  "init_std": 0.02,
  "layer_norm_elementwise_affine": true,
  "layerdrop": 0.0,
  "max_position_embeddings": 2048,
  "model_type": "opt",
  "num_attention_heads": 32,
  "num_hidden_layers": 24,
  "pad_token_id": 1,
  "prefix": "</s>",
  "torch_dtype": "float16",
  "transformers_version": "4.27.4",
  "use_cache": true,
  "vocab_size": 50272,
  "word_embed_proj_dim": 2048
}

Generate config GenerationConfig {
  "_from_model_config": true,
  "bos_token_id": 2,
  "eos_token_id": 2,
  "pad_token_id": 1,
  "transformers_version": "4.27.4"
}

