/opt/amdgpu/share/libdrm/amdgpu.ids: No such file or directory
/opt/amdgpu/share/libdrm/amdgpu.ids: No such file or directory
/opt/amdgpu/share/libdrm/amdgpu.ids: No such file or directory
/opt/amdgpu/share/libdrm/amdgpu.ids: No such file or directory
/opt/amdgpu/share/libdrm/amdgpu.ids: No such file or directory
/opt/amdgpu/share/libdrm/amdgpu.ids: No such file or directory
/opt/amdgpu/share/libdrm/amdgpu.ids: No such file or directory
/opt/amdgpu/share/libdrm/amdgpu.ids: No such file or directory
/opt/amdgpu/share/libdrm/amdgpu.ids: No such file or directory
/opt/amdgpu/share/libdrm/amdgpu.ids: No such file or directory
/opt/amdgpu/share/libdrm/amdgpu.ids: No such file or directory
/opt/amdgpu/share/libdrm/amdgpu.ids: No such file or directory
/opt/amdgpu/share/libdrm/amdgpu.ids: No such file or directory
/opt/amdgpu/share/libdrm/amdgpu.ids: No such file or directory
/opt/amdgpu/share/libdrm/amdgpu.ids: No such file or directory
/opt/amdgpu/share/libdrm/amdgpu.ids: No such file or directory
Training with a single process on 1 device (cuda:0).
Model resnet152 created, param count:60192808
Data processing configuration for current model + dataset:
	input_size: (3, 224, 224)
	interpolation: bicubic
	mean: (0.485, 0.456, 0.406)
	std: (0.229, 0.224, 0.225)
	crop_pct: 0.95
	crop_mode: center
Learning rate (0.1) calculated from base learning rate (0.1) and global batch size (256) with linear scaling.
Using native Torch AMP. Training in mixed precision.
Scheduled epochs: 300. LR stepped per epoch.
Train: 0 [   0/16 (  0%)]  Loss: 6.929 (6.93)  Time: 90.456s,    2.83/s  (90.456s,    2.83/s)  LR: 1.000e-05  Data: 1.345 (1.345)
Train: 0 [  15/16 (100%)]  Loss: 6.934 (6.94)  Time: 0.500s,  511.74/s  (6.134s,   41.74/s)  LR: 1.000e-05  Data: 0.001 (0.095)
Test: [   0/16]  Time: 1.314 (1.314)  Loss:  6.9339 (6.9339)  Acc@1:  0.0000 ( 0.0000)  Acc@5:  0.0000 ( 0.0000)
Test: [  16/16]  Time: 0.154 (0.302)  Loss:  6.8981 (6.9128)  Acc@1:  0.0000 ( 0.1453)  Acc@5: 28.1250 ( 0.5329)
Current checkpoints:
 ('/milabench/envs/extra/timm/redizilo.2023-05-08_17:54:51.224604/resnet152.D0/20230508-182659-resnet152-224/checkpoint-0.pth.tar', 0.14534883720930233)

Train: 1 [   0/16 (  0%)]  Loss: 6.964 (6.96)  Time: 1.645s,  155.66/s  (1.645s,  155.66/s)  LR: 2.001e-02  Data: 1.143 (1.143)
Train: 1 [  15/16 (100%)]  Loss: 6.977 (6.92)  Time: 0.506s,  505.67/s  (0.589s,  434.43/s)  LR: 2.001e-02  Data: 0.000 (0.085)
Test: [   0/16]  Time: 1.200 (1.200)  Loss:  6.8464 (6.8464)  Acc@1:  0.0000 ( 0.0000)  Acc@5:  0.0000 ( 0.0000)
Test: [  16/16]  Time: 0.027 (0.282)  Loss:  6.5656 (6.8342)  Acc@1: 18.7500 ( 0.2422)  Acc@5: 28.1250 ( 1.1870)
Current checkpoints:
 ('/milabench/envs/extra/timm/redizilo.2023-05-08_17:54:51.224604/resnet152.D0/20230508-182659-resnet152-224/checkpoint-1.pth.tar', 0.24224806201550386)

Train: 2 [   0/16 (  0%)]  Loss: 6.832 (6.83)  Time: 1.662s,  154.01/s  (1.662s,  154.01/s)  LR: 4.001e-02  Data: 1.155 (1.155)
Train: 2 [  15/16 (100%)]  Loss: 6.942 (6.92)  Time: 0.505s,  506.43/s  (0.592s,  432.60/s)  LR: 4.001e-02  Data: 0.000 (0.086)
Test: [   0/16]  Time: 1.200 (1.200)  Loss:  6.8094 (6.8094)  Acc@1:  2.7344 ( 2.7344)  Acc@5:  3.1250 ( 3.1250)
Test: [  16/16]  Time: 0.028 (0.284)  Loss:  6.3606 (6.8035)  Acc@1:  0.0000 ( 0.1696)  Acc@5:  6.2500 ( 1.0174)
Train: 3 [   0/16 (  0%)]  Loss: 6.853 (6.85)  Time: 1.640s,  156.07/s  (1.640s,  156.07/s)  LR: 6.000e-02  Data: 1.136 (1.136)
Train: 3 [  15/16 (100%)]  Loss: 7.037 (6.96)  Time: 0.508s,  504.11/s  (0.587s,  436.14/s)  LR: 6.000e-02  Data: 0.001 (0.083)
Test: [   0/16]  Time: 1.206 (1.206)  Loss:  6.9157 (6.9157)  Acc@1:  0.0000 ( 0.0000)  Acc@5:  1.1719 ( 1.1719)
Test: [  16/16]  Time: 0.029 (0.285)  Loss:  6.2924 (6.8202)  Acc@1:  0.0000 ( 0.2665)  Acc@5:  0.0000 ( 1.0901)
Current checkpoints:
 ('/milabench/envs/extra/timm/redizilo.2023-05-08_17:54:51.224604/resnet152.D0/20230508-182659-resnet152-224/checkpoint-3.pth.tar', 0.26647286821705424)

Train: 4 [   0/16 (  0%)]  Loss: 6.875 (6.87)  Time: 1.618s,  158.24/s  (1.618s,  158.24/s)  LR: 8.000e-02  Data: 1.116 (1.116)
Train: 4 [  15/16 (100%)]  Loss: 7.034 (7.01)  Time: 0.506s,  505.76/s  (0.586s,  436.55/s)  LR: 8.000e-02  Data: 0.001 (0.083)
Test: [   0/16]  Time: 1.211 (1.211)  Loss:  6.8188 (6.8188)  Acc@1:  0.0000 ( 0.0000)  Acc@5:  0.0000 ( 0.0000)
Test: [  16/16]  Time: 0.028 (0.285)  Loss:  6.4407 (6.8395)  Acc@1:  0.0000 ( 0.2665)  Acc@5:  0.0000 ( 1.1386)
Train: 5 [   0/16 (  0%)]  Loss: 6.874 (6.87)  Time: 1.608s,  159.17/s  (1.608s,  159.17/s)  LR: 9.993e-02  Data: 1.106 (1.106)
Train: 5 [  15/16 (100%)]  Loss: 7.104 (7.04)  Time: 0.505s,  507.15/s  (0.585s,  437.39/s)  LR: 9.993e-02  Data: 0.000 (0.082)
Test: [   0/16]  Time: 1.184 (1.184)  Loss:  6.9417 (6.9417)  Acc@1:  0.0000 ( 0.0000)  Acc@5:  0.3906 ( 0.3906)
Test: [  16/16]  Time: 0.028 (0.284)  Loss:  6.3372 (6.8918)  Acc@1:  0.0000 ( 0.1938)  Acc@5:  3.1250 ( 0.9205)
Train: 6 [   0/16 (  0%)]  Loss: 6.927 (6.93)  Time: 1.634s,  156.66/s  (1.634s,  156.66/s)  LR: 9.990e-02  Data: 1.128 (1.128)
Train: 6 [  15/16 (100%)]  Loss: 7.161 (7.05)  Time: 0.502s,  510.34/s  (0.587s,  436.45/s)  LR: 9.990e-02  Data: 0.000 (0.083)
Test: [   0/16]  Time: 1.207 (1.207)  Loss:  6.8457 (6.8457)  Acc@1:  0.0000 ( 0.0000)  Acc@5:  0.0000 ( 0.0000)
Test: [  16/16]  Time: 0.029 (0.282)  Loss:  6.5149 (6.8825)  Acc@1:  0.0000 ( 0.2422)  Acc@5:  0.0000 ( 1.1143)
Train: 7 [   0/16 (  0%)]  Loss: 6.878 (6.88)  Time: 1.638s,  156.26/s  (1.638s,  156.26/s)  LR: 9.987e-02  Data: 1.135 (1.135)
