/opt/amdgpu/share/libdrm/amdgpu.ids: No such file or directory
/opt/amdgpu/share/libdrm/amdgpu.ids: No such file or directory
/opt/amdgpu/share/libdrm/amdgpu.ids: No such file or directory
/opt/amdgpu/share/libdrm/amdgpu.ids: No such file or directory
/opt/amdgpu/share/libdrm/amdgpu.ids: No such file or directory
/opt/amdgpu/share/libdrm/amdgpu.ids: No such file or directory
/opt/amdgpu/share/libdrm/amdgpu.ids: No such file or directory
/opt/amdgpu/share/libdrm/amdgpu.ids: No such file or directory
/opt/amdgpu/share/libdrm/amdgpu.ids: No such file or directory
/opt/amdgpu/share/libdrm/amdgpu.ids: No such file or directory
/opt/amdgpu/share/libdrm/amdgpu.ids: No such file or directory
/opt/amdgpu/share/libdrm/amdgpu.ids: No such file or directory
/opt/amdgpu/share/libdrm/amdgpu.ids: No such file or directory
/opt/amdgpu/share/libdrm/amdgpu.ids: No such file or directory
/opt/amdgpu/share/libdrm/amdgpu.ids: No such file or directory
/opt/amdgpu/share/libdrm/amdgpu.ids: No such file or directory
Training with a single process on 1 device (cuda:0).
Model resnet152 created, param count:60192808
Data processing configuration for current model + dataset:
	input_size: (3, 224, 224)
	interpolation: bicubic
	mean: (0.485, 0.456, 0.406)
	std: (0.229, 0.224, 0.225)
	crop_pct: 0.95
	crop_mode: center
Learning rate (0.1) calculated from base learning rate (0.1) and global batch size (256) with linear scaling.
Using native Torch AMP. Training in mixed precision.
Scheduled epochs: 300. LR stepped per epoch.
Train: 0 [   0/16 (  0%)]  Loss: 6.929 (6.93)  Time: 90.423s,    2.83/s  (90.423s,    2.83/s)  LR: 1.000e-05  Data: 1.378 (1.378)
Train: 0 [  15/16 (100%)]  Loss: 6.934 (6.94)  Time: 0.498s,  514.26/s  (6.130s,   41.76/s)  LR: 1.000e-05  Data: 0.001 (0.098)
Test: [   0/16]  Time: 1.265 (1.265)  Loss:  6.9339 (6.9339)  Acc@1:  0.0000 ( 0.0000)  Acc@5:  0.0000 ( 0.0000)
Test: [  16/16]  Time: 0.307 (0.304)  Loss:  6.8981 (6.9128)  Acc@1:  0.0000 ( 0.1453)  Acc@5: 28.1250 ( 0.5329)
Current checkpoints:
 ('/milabench/envs/extra/timm/redizilo.2023-05-08_17:54:51.224604/resnet152.D6/20230508-182659-resnet152-224/checkpoint-0.pth.tar', 0.14534883720930233)

Train: 1 [   0/16 (  0%)]  Loss: 6.964 (6.96)  Time: 1.611s,  158.91/s  (1.611s,  158.91/s)  LR: 2.001e-02  Data: 1.110 (1.110)
Train: 1 [  15/16 (100%)]  Loss: 6.976 (6.92)  Time: 0.505s,  506.98/s  (0.588s,  435.39/s)  LR: 2.001e-02  Data: 0.000 (0.084)
Test: [   0/16]  Time: 1.201 (1.201)  Loss:  6.8473 (6.8473)  Acc@1:  0.0000 ( 0.0000)  Acc@5:  0.0000 ( 0.0000)
Test: [  16/16]  Time: 0.030 (0.281)  Loss:  6.5675 (6.8343)  Acc@1: 15.6250 ( 0.2422)  Acc@5: 28.1250 ( 1.1870)
Current checkpoints:
 ('/milabench/envs/extra/timm/redizilo.2023-05-08_17:54:51.224604/resnet152.D6/20230508-182659-resnet152-224/checkpoint-1.pth.tar', 0.24224806201550386)

Train: 2 [   0/16 (  0%)]  Loss: 6.834 (6.83)  Time: 1.631s,  156.96/s  (1.631s,  156.96/s)  LR: 4.001e-02  Data: 1.126 (1.126)
Train: 2 [  15/16 (100%)]  Loss: 6.935 (6.92)  Time: 0.502s,  510.13/s  (0.589s,  434.84/s)  LR: 4.001e-02  Data: 0.001 (0.084)
Test: [   0/16]  Time: 1.179 (1.179)  Loss:  6.7938 (6.7938)  Acc@1:  0.0000 ( 0.0000)  Acc@5:  3.1250 ( 3.1250)
Test: [  16/16]  Time: 0.028 (0.281)  Loss:  6.3810 (6.8014)  Acc@1:  0.0000 ( 0.2665)  Acc@5:  0.0000 ( 1.0901)
Current checkpoints:
 ('/milabench/envs/extra/timm/redizilo.2023-05-08_17:54:51.224604/resnet152.D6/20230508-182659-resnet152-224/checkpoint-2.pth.tar', 0.26647286821705424)

Train: 3 [   0/16 (  0%)]  Loss: 6.851 (6.85)  Time: 1.622s,  157.82/s  (1.622s,  157.82/s)  LR: 6.000e-02  Data: 1.118 (1.118)
Train: 3 [  15/16 (100%)]  Loss: 7.010 (6.96)  Time: 0.501s,  511.33/s  (0.587s,  436.23/s)  LR: 6.000e-02  Data: 0.000 (0.085)
Test: [   0/16]  Time: 1.168 (1.168)  Loss:  6.9171 (6.9171)  Acc@1:  0.0000 ( 0.0000)  Acc@5:  3.5156 ( 3.5156)
Test: [  16/16]  Time: 0.031 (0.281)  Loss:  6.3256 (6.8162)  Acc@1:  0.0000 ( 0.2665)  Acc@5:  0.0000 ( 1.1386)
Train: 4 [   0/16 (  0%)]  Loss: 6.884 (6.88)  Time: 1.609s,  159.07/s  (1.609s,  159.07/s)  LR: 8.000e-02  Data: 1.101 (1.101)
Train: 4 [  15/16 (100%)]  Loss: 7.048 (7.00)  Time: 0.499s,  512.97/s  (0.587s,  435.91/s)  LR: 8.000e-02  Data: 0.001 (0.084)
Test: [   0/16]  Time: 1.195 (1.195)  Loss:  6.8202 (6.8202)  Acc@1:  0.0000 ( 0.0000)  Acc@5:  0.0000 ( 0.0000)
Test: [  16/16]  Time: 0.028 (0.282)  Loss:  6.5070 (6.8379)  Acc@1:  0.0000 ( 0.2665)  Acc@5:  0.0000 ( 1.1628)
Train: 5 [   0/16 (  0%)]  Loss: 6.882 (6.88)  Time: 1.627s,  157.33/s  (1.627s,  157.33/s)  LR: 9.993e-02  Data: 1.124 (1.124)
Train: 5 [  15/16 (100%)]  Loss: 7.090 (7.04)  Time: 0.504s,  507.63/s  (0.590s,  434.19/s)  LR: 9.993e-02  Data: 0.001 (0.084)
Test: [   0/16]  Time: 1.185 (1.185)  Loss:  6.8699 (6.8699)  Acc@1:  0.0000 ( 0.0000)  Acc@5:  0.0000 ( 0.0000)
Test: [  16/16]  Time: 0.027 (0.287)  Loss:  6.2321 (6.8638)  Acc@1:  0.0000 ( 0.1696)  Acc@5:  0.0000 ( 1.0174)
Train: 6 [   0/16 (  0%)]  Loss: 6.926 (6.93)  Time: 1.638s,  156.27/s  (1.638s,  156.27/s)  LR: 9.990e-02  Data: 1.133 (1.133)
Train: 6 [  15/16 (100%)]  Loss: 7.157 (7.05)  Time: 0.498s,  513.94/s  (0.589s,  434.34/s)  LR: 9.990e-02  Data: 0.000 (0.085)
Test: [   0/16]  Time: 1.171 (1.171)  Loss:  6.8215 (6.8215)  Acc@1:  0.0000 ( 0.0000)  Acc@5:  0.7812 ( 0.7812)
Test: [  16/16]  Time: 0.027 (0.278)  Loss:  6.6277 (6.8745)  Acc@1:  0.0000 ( 0.2665)  Acc@5:  3.1250 ( 1.1628)
Train: 7 [   0/16 (  0%)]  Loss: 6.890 (6.89)  Time: 1.641s,  155.97/s  (1.641s,  155.97/s)  LR: 9.987e-02  Data: 1.139 (1.139)
