/opt/amdgpu/share/libdrm/amdgpu.ids: No such file or directory
/opt/amdgpu/share/libdrm/amdgpu.ids: No such file or directory
/opt/amdgpu/share/libdrm/amdgpu.ids: No such file or directory
/opt/amdgpu/share/libdrm/amdgpu.ids: No such file or directory
/opt/amdgpu/share/libdrm/amdgpu.ids: No such file or directory
/opt/amdgpu/share/libdrm/amdgpu.ids: No such file or directory
/opt/amdgpu/share/libdrm/amdgpu.ids: No such file or directory
/opt/amdgpu/share/libdrm/amdgpu.ids: No such file or directory
/opt/amdgpu/share/libdrm/amdgpu.ids: No such file or directory
/opt/amdgpu/share/libdrm/amdgpu.ids: No such file or directory
/opt/amdgpu/share/libdrm/amdgpu.ids: No such file or directory
/opt/amdgpu/share/libdrm/amdgpu.ids: No such file or directory
/opt/amdgpu/share/libdrm/amdgpu.ids: No such file or directory
/opt/amdgpu/share/libdrm/amdgpu.ids: No such file or directory
/opt/amdgpu/share/libdrm/amdgpu.ids: No such file or directory
/opt/amdgpu/share/libdrm/amdgpu.ids: No such file or directory
Training with a single process on 1 device (cuda:0).
Model resnet152 created, param count:60192808
Data processing configuration for current model + dataset:
	input_size: (3, 224, 224)
	interpolation: bicubic
	mean: (0.485, 0.456, 0.406)
	std: (0.229, 0.224, 0.225)
	crop_pct: 0.95
	crop_mode: center
Learning rate (0.1) calculated from base learning rate (0.1) and global batch size (256) with linear scaling.
Using native Torch AMP. Training in mixed precision.
Scheduled epochs: 300. LR stepped per epoch.
Train: 0 [   0/16 (  0%)]  Loss: 6.929 (6.93)  Time: 91.636s,    2.79/s  (91.636s,    2.79/s)  LR: 1.000e-05  Data: 1.180 (1.180)
Train: 0 [  15/16 (100%)]  Loss: 6.934 (6.94)  Time: 0.493s,  519.71/s  (6.201s,   41.28/s)  LR: 1.000e-05  Data: 0.000 (0.085)
Test: [   0/16]  Time: 1.317 (1.317)  Loss:  6.9339 (6.9339)  Acc@1:  0.0000 ( 0.0000)  Acc@5:  0.0000 ( 0.0000)
Test: [  16/16]  Time: 0.513 (0.310)  Loss:  6.8981 (6.9128)  Acc@1:  0.0000 ( 0.1453)  Acc@5: 28.1250 ( 0.5329)
Current checkpoints:
 ('/milabench/envs/extra/timm/redizilo.2023-05-08_17:54:51.224604/resnet152.D5/20230508-182657-resnet152-224/checkpoint-0.pth.tar', 0.14534883720930233)

Train: 1 [   0/16 (  0%)]  Loss: 6.964 (6.96)  Time: 1.589s,  161.08/s  (1.589s,  161.08/s)  LR: 2.001e-02  Data: 1.092 (1.092)
Train: 1 [  15/16 (100%)]  Loss: 6.977 (6.92)  Time: 0.497s,  515.53/s  (0.578s,  443.15/s)  LR: 2.001e-02  Data: 0.000 (0.079)
Test: [   0/16]  Time: 1.150 (1.150)  Loss:  6.8467 (6.8467)  Acc@1:  0.0000 ( 0.0000)  Acc@5:  0.0000 ( 0.0000)
Test: [  16/16]  Time: 0.027 (0.274)  Loss:  6.5660 (6.8343)  Acc@1: 18.7500 ( 0.2422)  Acc@5: 28.1250 ( 1.1628)
Current checkpoints:
 ('/milabench/envs/extra/timm/redizilo.2023-05-08_17:54:51.224604/resnet152.D5/20230508-182657-resnet152-224/checkpoint-1.pth.tar', 0.24224806201550386)

Train: 2 [   0/16 (  0%)]  Loss: 6.832 (6.83)  Time: 1.638s,  156.30/s  (1.638s,  156.30/s)  LR: 4.001e-02  Data: 1.137 (1.137)
Train: 2 [  15/16 (100%)]  Loss: 6.938 (6.92)  Time: 0.500s,  512.38/s  (0.583s,  438.87/s)  LR: 4.001e-02  Data: 0.000 (0.083)
Test: [   0/16]  Time: 1.121 (1.121)  Loss:  6.8018 (6.8018)  Acc@1:  0.0000 ( 0.0000)  Acc@5:  3.1250 ( 3.1250)
Test: [  16/16]  Time: 0.028 (0.273)  Loss:  6.3890 (6.8029)  Acc@1:  0.0000 ( 0.2422)  Acc@5:  0.0000 ( 1.0174)
Train: 3 [   0/16 (  0%)]  Loss: 6.853 (6.85)  Time: 1.590s,  161.01/s  (1.590s,  161.01/s)  LR: 6.000e-02  Data: 1.090 (1.090)
Train: 3 [  15/16 (100%)]  Loss: 7.026 (6.96)  Time: 0.499s,  512.80/s  (0.579s,  442.40/s)  LR: 6.000e-02  Data: 0.000 (0.079)
Test: [   0/16]  Time: 1.131 (1.131)  Loss:  6.9135 (6.9135)  Acc@1:  0.0000 ( 0.0000)  Acc@5:  0.0000 ( 0.0000)
Test: [  16/16]  Time: 0.027 (0.275)  Loss:  6.3585 (6.8237)  Acc@1:  0.0000 ( 0.2665)  Acc@5:  0.0000 ( 1.0659)
Current checkpoints:
 ('/milabench/envs/extra/timm/redizilo.2023-05-08_17:54:51.224604/resnet152.D5/20230508-182657-resnet152-224/checkpoint-3.pth.tar', 0.26647286821705424)

Train: 4 [   0/16 (  0%)]  Loss: 6.878 (6.88)  Time: 1.622s,  157.82/s  (1.622s,  157.82/s)  LR: 8.000e-02  Data: 1.120 (1.120)
Train: 4 [  15/16 (100%)]  Loss: 7.052 (7.00)  Time: 0.501s,  510.90/s  (0.582s,  440.06/s)  LR: 8.000e-02  Data: 0.000 (0.080)
Test: [   0/16]  Time: 1.137 (1.137)  Loss:  6.7979 (6.7979)  Acc@1:  0.0000 ( 0.0000)  Acc@5:  0.0000 ( 0.0000)
Test: [  16/16]  Time: 0.027 (0.273)  Loss:  6.4617 (6.8728)  Acc@1:  0.0000 ( 0.2665)  Acc@5:  0.0000 ( 0.9932)
Train: 5 [   0/16 (  0%)]  Loss: 6.890 (6.89)  Time: 1.621s,  157.90/s  (1.621s,  157.90/s)  LR: 9.993e-02  Data: 1.114 (1.114)
Train: 5 [  15/16 (100%)]  Loss: 7.098 (7.05)  Time: 0.499s,  513.26/s  (0.581s,  440.84/s)  LR: 9.993e-02  Data: 0.000 (0.080)
Test: [   0/16]  Time: 1.100 (1.100)  Loss:  6.9481 (6.9481)  Acc@1:  0.0000 ( 0.0000)  Acc@5:  0.0000 ( 0.0000)
Test: [  16/16]  Time: 0.027 (0.270)  Loss:  6.2318 (6.9009)  Acc@1:  0.0000 ( 0.2180)  Acc@5:  0.0000 ( 1.0174)
Train: 6 [   0/16 (  0%)]  Loss: 6.903 (6.90)  Time: 1.632s,  156.84/s  (1.632s,  156.84/s)  LR: 9.990e-02  Data: 1.116 (1.116)
Train: 6 [  15/16 (100%)]  Loss: 7.161 (7.04)  Time: 0.500s,  511.96/s  (0.584s,  438.11/s)  LR: 9.990e-02  Data: 0.000 (0.082)
Test: [   0/16]  Time: 1.128 (1.128)  Loss:  6.8331 (6.8331)  Acc@1:  0.0000 ( 0.0000)  Acc@5:  0.0000 ( 0.0000)
Test: [  16/16]  Time: 0.033 (0.269)  Loss:  6.5963 (6.8643)  Acc@1:  0.0000 ( 0.2665)  Acc@5:  0.0000 ( 1.1143)
Train: 7 [   0/16 (  0%)]  Loss: 6.876 (6.88)  Time: 1.648s,  155.35/s  (1.648s,  155.35/s)  LR: 9.987e-02  Data: 1.142 (1.142)
