/opt/amdgpu/share/libdrm/amdgpu.ids: No such file or directory
/opt/amdgpu/share/libdrm/amdgpu.ids: No such file or directory
/opt/amdgpu/share/libdrm/amdgpu.ids: No such file or directory
/opt/amdgpu/share/libdrm/amdgpu.ids: No such file or directory
/opt/amdgpu/share/libdrm/amdgpu.ids: No such file or directory
/opt/amdgpu/share/libdrm/amdgpu.ids: No such file or directory
/opt/amdgpu/share/libdrm/amdgpu.ids: No such file or directory
/opt/amdgpu/share/libdrm/amdgpu.ids: No such file or directory
/opt/amdgpu/share/libdrm/amdgpu.ids: No such file or directory
/opt/amdgpu/share/libdrm/amdgpu.ids: No such file or directory
/opt/amdgpu/share/libdrm/amdgpu.ids: No such file or directory
/opt/amdgpu/share/libdrm/amdgpu.ids: No such file or directory
/opt/amdgpu/share/libdrm/amdgpu.ids: No such file or directory
/opt/amdgpu/share/libdrm/amdgpu.ids: No such file or directory
/opt/amdgpu/share/libdrm/amdgpu.ids: No such file or directory
/opt/amdgpu/share/libdrm/amdgpu.ids: No such file or directory
Training with a single process on 1 device (cuda:0).
Model resnet152 created, param count:60192808
Data processing configuration for current model + dataset:
	input_size: (3, 224, 224)
	interpolation: bicubic
	mean: (0.485, 0.456, 0.406)
	std: (0.229, 0.224, 0.225)
	crop_pct: 0.95
	crop_mode: center
Learning rate (0.1) calculated from base learning rate (0.1) and global batch size (256) with linear scaling.
Using native Torch AMP. Training in mixed precision.
Scheduled epochs: 300. LR stepped per epoch.
Train: 0 [   0/16 (  0%)]  Loss: 6.929 (6.93)  Time: 90.704s,    2.82/s  (90.704s,    2.82/s)  LR: 1.000e-05  Data: 1.387 (1.387)
Train: 0 [  15/16 (100%)]  Loss: 6.934 (6.94)  Time: 0.499s,  512.97/s  (6.147s,   41.65/s)  LR: 1.000e-05  Data: 0.001 (0.098)
Test: [   0/16]  Time: 1.298 (1.298)  Loss:  6.9339 (6.9339)  Acc@1:  0.0000 ( 0.0000)  Acc@5:  0.0000 ( 0.0000)
Test: [  16/16]  Time: 0.544 (0.304)  Loss:  6.8981 (6.9128)  Acc@1:  0.0000 ( 0.1453)  Acc@5: 28.1250 ( 0.5329)
Current checkpoints:
 ('/milabench/envs/extra/timm/redizilo.2023-05-08_17:54:51.224604/resnet152.D7/20230508-182658-resnet152-224/checkpoint-0.pth.tar', 0.14534883720930233)

Train: 1 [   0/16 (  0%)]  Loss: 6.964 (6.96)  Time: 1.631s,  156.96/s  (1.631s,  156.96/s)  LR: 2.001e-02  Data: 1.132 (1.132)
Train: 1 [  15/16 (100%)]  Loss: 6.977 (6.92)  Time: 0.501s,  511.22/s  (0.586s,  437.12/s)  LR: 2.001e-02  Data: 0.000 (0.084)
Test: [   0/16]  Time: 1.132 (1.132)  Loss:  6.8467 (6.8467)  Acc@1:  0.0000 ( 0.0000)  Acc@5:  0.0000 ( 0.0000)
Test: [  16/16]  Time: 0.035 (0.271)  Loss:  6.5629 (6.8343)  Acc@1: 18.7500 ( 0.2422)  Acc@5: 28.1250 ( 1.1870)
Current checkpoints:
 ('/milabench/envs/extra/timm/redizilo.2023-05-08_17:54:51.224604/resnet152.D7/20230508-182658-resnet152-224/checkpoint-1.pth.tar', 0.24224806201550386)

Train: 2 [   0/16 (  0%)]  Loss: 6.833 (6.83)  Time: 1.609s,  159.09/s  (1.609s,  159.09/s)  LR: 4.001e-02  Data: 1.108 (1.108)
Train: 2 [  15/16 (100%)]  Loss: 6.942 (6.92)  Time: 0.502s,  510.14/s  (0.587s,  436.36/s)  LR: 4.001e-02  Data: 0.000 (0.085)
Test: [   0/16]  Time: 1.123 (1.123)  Loss:  6.7977 (6.7977)  Acc@1:  0.0000 ( 0.0000)  Acc@5:  3.1250 ( 3.1250)
Test: [  16/16]  Time: 0.031 (0.271)  Loss:  6.3752 (6.8023)  Acc@1:  0.0000 ( 0.3149)  Acc@5:  0.0000 ( 1.1628)
Current checkpoints:
 ('/milabench/envs/extra/timm/redizilo.2023-05-08_17:54:51.224604/resnet152.D7/20230508-182658-resnet152-224/checkpoint-2.pth.tar', 0.31492248062015504)

Train: 3 [   0/16 (  0%)]  Loss: 6.852 (6.85)  Time: 1.619s,  158.13/s  (1.619s,  158.13/s)  LR: 6.000e-02  Data: 1.118 (1.118)
Train: 3 [  15/16 (100%)]  Loss: 7.014 (6.96)  Time: 0.504s,  508.20/s  (0.589s,  434.76/s)  LR: 6.000e-02  Data: 0.000 (0.086)
Test: [   0/16]  Time: 1.128 (1.128)  Loss:  6.9063 (6.9063)  Acc@1:  0.0000 ( 0.0000)  Acc@5:  0.0000 ( 0.0000)
Test: [  16/16]  Time: 0.028 (0.269)  Loss:  6.3390 (6.8189)  Acc@1:  0.0000 ( 0.2665)  Acc@5:  0.0000 ( 1.1386)
Train: 4 [   0/16 (  0%)]  Loss: 6.876 (6.88)  Time: 1.610s,  159.03/s  (1.610s,  159.03/s)  LR: 8.000e-02  Data: 1.109 (1.109)
Train: 4 [  15/16 (100%)]  Loss: 7.033 (7.00)  Time: 0.505s,  506.72/s  (0.585s,  437.59/s)  LR: 8.000e-02  Data: 0.001 (0.082)
Test: [   0/16]  Time: 1.112 (1.112)  Loss:  6.8429 (6.8429)  Acc@1:  0.0000 ( 0.0000)  Acc@5:  0.0000 ( 0.0000)
Test: [  16/16]  Time: 0.029 (0.267)  Loss:  6.4835 (6.8425)  Acc@1:  0.0000 ( 0.2665)  Acc@5:  0.0000 ( 1.1143)
Train: 5 [   0/16 (  0%)]  Loss: 6.869 (6.87)  Time: 1.611s,  158.91/s  (1.611s,  158.91/s)  LR: 9.993e-02  Data: 1.110 (1.110)
Train: 5 [  15/16 (100%)]  Loss: 7.106 (7.04)  Time: 0.504s,  508.41/s  (0.588s,  435.62/s)  LR: 9.993e-02  Data: 0.000 (0.084)
Test: [   0/16]  Time: 1.129 (1.129)  Loss:  6.9302 (6.9302)  Acc@1:  0.0000 ( 0.0000)  Acc@5:  0.3906 ( 0.3906)
Test: [  16/16]  Time: 0.030 (0.267)  Loss:  6.2397 (6.8879)  Acc@1:  0.0000 ( 0.2907)  Acc@5:  3.1250 ( 0.9690)
Train: 6 [   0/16 (  0%)]  Loss: 6.881 (6.88)  Time: 1.634s,  156.64/s  (1.634s,  156.64/s)  LR: 9.990e-02  Data: 1.134 (1.134)
Train: 6 [  15/16 (100%)]  Loss: 7.155 (7.04)  Time: 0.505s,  506.86/s  (0.588s,  435.58/s)  LR: 9.990e-02  Data: 0.000 (0.084)
Test: [   0/16]  Time: 1.119 (1.119)  Loss:  6.8015 (6.8015)  Acc@1:  0.0000 ( 0.0000)  Acc@5:  0.0000 ( 0.0000)
Test: [  16/16]  Time: 0.029 (0.267)  Loss:  6.5166 (6.8604)  Acc@1:  0.0000 ( 0.2422)  Acc@5:  0.0000 ( 1.1143)
Train: 7 [   0/16 (  0%)]  Loss: 6.868 (6.87)  Time: 1.624s,  157.59/s  (1.624s,  157.59/s)  LR: 9.987e-02  Data: 1.123 (1.123)
