/opt/amdgpu/share/libdrm/amdgpu.ids: No such file or directory
/opt/amdgpu/share/libdrm/amdgpu.ids: No such file or directory
/opt/amdgpu/share/libdrm/amdgpu.ids: No such file or directory
/opt/amdgpu/share/libdrm/amdgpu.ids: No such file or directory
/opt/amdgpu/share/libdrm/amdgpu.ids: No such file or directory
/opt/amdgpu/share/libdrm/amdgpu.ids: No such file or directory
/opt/amdgpu/share/libdrm/amdgpu.ids: No such file or directory
/opt/amdgpu/share/libdrm/amdgpu.ids: No such file or directory
/opt/amdgpu/share/libdrm/amdgpu.ids: No such file or directory
/opt/amdgpu/share/libdrm/amdgpu.ids: No such file or directory
/opt/amdgpu/share/libdrm/amdgpu.ids: No such file or directory
/opt/amdgpu/share/libdrm/amdgpu.ids: No such file or directory
/opt/amdgpu/share/libdrm/amdgpu.ids: No such file or directory
/opt/amdgpu/share/libdrm/amdgpu.ids: No such file or directory
/opt/amdgpu/share/libdrm/amdgpu.ids: No such file or directory
/opt/amdgpu/share/libdrm/amdgpu.ids: No such file or directory
Training with a single process on 1 device (cuda:0).
Model resnet152 created, param count:60192808
Data processing configuration for current model + dataset:
	input_size: (3, 224, 224)
	interpolation: bicubic
	mean: (0.485, 0.456, 0.406)
	std: (0.229, 0.224, 0.225)
	crop_pct: 0.95
	crop_mode: center
Learning rate (0.1) calculated from base learning rate (0.1) and global batch size (256) with linear scaling.
Using native Torch AMP. Training in mixed precision.
Scheduled epochs: 300. LR stepped per epoch.
Train: 0 [   0/16 (  0%)]  Loss: 6.929 (6.93)  Time: 90.698s,    2.82/s  (90.698s,    2.82/s)  LR: 1.000e-05  Data: 1.290 (1.290)
Train: 0 [  15/16 (100%)]  Loss: 6.934 (6.94)  Time: 0.497s,  514.85/s  (6.150s,   41.63/s)  LR: 1.000e-05  Data: 0.000 (0.096)
Test: [   0/16]  Time: 1.261 (1.261)  Loss:  6.9339 (6.9339)  Acc@1:  0.0000 ( 0.0000)  Acc@5:  0.0000 ( 0.0000)
Test: [  16/16]  Time: 0.435 (0.305)  Loss:  6.8981 (6.9128)  Acc@1:  0.0000 ( 0.1453)  Acc@5: 28.1250 ( 0.5329)
Current checkpoints:
 ('/milabench/envs/extra/timm/redizilo.2023-05-08_17:54:51.224604/resnet152.D3/20230508-182658-resnet152-224/checkpoint-0.pth.tar', 0.14534883720930233)

Train: 1 [   0/16 (  0%)]  Loss: 6.964 (6.96)  Time: 1.572s,  162.82/s  (1.572s,  162.82/s)  LR: 2.001e-02  Data: 1.074 (1.074)
Train: 1 [  15/16 (100%)]  Loss: 6.976 (6.92)  Time: 0.500s,  511.69/s  (0.582s,  439.77/s)  LR: 2.001e-02  Data: 0.000 (0.081)
Test: [   0/16]  Time: 1.167 (1.167)  Loss:  6.8474 (6.8474)  Acc@1:  0.0000 ( 0.0000)  Acc@5:  0.0000 ( 0.0000)
Test: [  16/16]  Time: 0.029 (0.276)  Loss:  6.5658 (6.8343)  Acc@1: 15.6250 ( 0.2180)  Acc@5: 28.1250 ( 1.1870)
Current checkpoints:
 ('/milabench/envs/extra/timm/redizilo.2023-05-08_17:54:51.224604/resnet152.D3/20230508-182658-resnet152-224/checkpoint-1.pth.tar', 0.2180232558139535)

Train: 2 [   0/16 (  0%)]  Loss: 6.833 (6.83)  Time: 1.607s,  159.35/s  (1.607s,  159.35/s)  LR: 4.001e-02  Data: 1.106 (1.106)
Train: 2 [  15/16 (100%)]  Loss: 6.943 (6.92)  Time: 0.504s,  507.81/s  (0.582s,  439.94/s)  LR: 4.001e-02  Data: 0.000 (0.080)
Test: [   0/16]  Time: 1.209 (1.209)  Loss:  6.7902 (6.7902)  Acc@1:  0.0000 ( 0.0000)  Acc@5:  3.1250 ( 3.1250)
Test: [  16/16]  Time: 0.029 (0.281)  Loss:  6.3678 (6.8033)  Acc@1:  0.0000 ( 0.2180)  Acc@5:  3.1250 ( 1.1870)
Train: 3 [   0/16 (  0%)]  Loss: 6.856 (6.86)  Time: 1.610s,  158.99/s  (1.610s,  158.99/s)  LR: 6.000e-02  Data: 1.110 (1.110)
Train: 3 [  15/16 (100%)]  Loss: 7.018 (6.96)  Time: 0.502s,  509.94/s  (0.588s,  435.33/s)  LR: 6.000e-02  Data: 0.000 (0.084)
Test: [   0/16]  Time: 1.150 (1.150)  Loss:  6.9073 (6.9073)  Acc@1:  0.0000 ( 0.0000)  Acc@5:  3.5156 ( 3.5156)
Test: [  16/16]  Time: 0.028 (0.273)  Loss:  6.3829 (6.8213)  Acc@1:  0.0000 ( 0.2180)  Acc@5:  0.0000 ( 1.0659)
Train: 4 [   0/16 (  0%)]  Loss: 6.872 (6.87)  Time: 1.572s,  162.81/s  (1.572s,  162.81/s)  LR: 8.000e-02  Data: 1.071 (1.071)
Train: 4 [  15/16 (100%)]  Loss: 7.061 (7.00)  Time: 0.501s,  510.55/s  (0.585s,  437.36/s)  LR: 8.000e-02  Data: 0.000 (0.083)
Test: [   0/16]  Time: 1.154 (1.154)  Loss:  6.8161 (6.8161)  Acc@1:  0.0000 ( 0.0000)  Acc@5:  0.0000 ( 0.0000)
Test: [  16/16]  Time: 0.028 (0.274)  Loss:  6.5861 (6.8469)  Acc@1:  0.0000 ( 0.1938)  Acc@5:  0.0000 ( 1.1386)
Train: 5 [   0/16 (  0%)]  Loss: 6.880 (6.88)  Time: 1.609s,  159.14/s  (1.609s,  159.14/s)  LR: 9.993e-02  Data: 1.105 (1.105)
Train: 5 [  15/16 (100%)]  Loss: 7.102 (7.04)  Time: 0.501s,  510.50/s  (0.585s,  437.73/s)  LR: 9.993e-02  Data: 0.000 (0.082)
Test: [   0/16]  Time: 1.142 (1.142)  Loss:  6.8965 (6.8965)  Acc@1:  0.0000 ( 0.0000)  Acc@5:  0.3906 ( 0.3906)
Test: [  16/16]  Time: 0.030 (0.273)  Loss:  6.2611 (6.8716)  Acc@1:  0.0000 ( 0.1938)  Acc@5:  3.1250 ( 1.0659)
Train: 6 [   0/16 (  0%)]  Loss: 6.911 (6.91)  Time: 1.589s,  161.13/s  (1.589s,  161.13/s)  LR: 9.990e-02  Data: 1.087 (1.087)
Train: 6 [  15/16 (100%)]  Loss: 7.152 (7.04)  Time: 0.500s,  511.73/s  (0.585s,  437.39/s)  LR: 9.990e-02  Data: 0.000 (0.084)
Test: [   0/16]  Time: 1.134 (1.134)  Loss:  6.8176 (6.8176)  Acc@1:  0.0000 ( 0.0000)  Acc@5:  0.0000 ( 0.0000)
Test: [  16/16]  Time: 0.030 (0.275)  Loss:  6.5262 (6.8568)  Acc@1:  0.0000 ( 0.2422)  Acc@5:  0.0000 ( 1.1143)
Current checkpoints:
 ('/milabench/envs/extra/timm/redizilo.2023-05-08_17:54:51.224604/resnet152.D3/20230508-182658-resnet152-224/checkpoint-6.pth.tar', 0.24224806201550386)

Train: 7 [   0/16 (  0%)]  Loss: 6.870 (6.87)  Time: 1.600s,  160.02/s  (1.600s,  160.02/s)  LR: 9.987e-02  Data: 1.098 (1.098)
Train: 7 [  15/16 (100%)]  Loss: 7.101 (7.03)  Time: 0.501s,  511.04/s  (0.586s,  436.73/s)  LR: 9.987e-02  Data: 0.000 (0.084)
Test: [   0/16]  Time: 1.041 (1.041)  Loss:  6.8494 (6.8494)  Acc@1:  0.0000 ( 0.0000)  Acc@5:  3.1250 ( 3.1250)
Test: [  16/16]  Time: 0.029 (0.249)  Loss:  6.5852 (6.8541)  Acc@1:  0.0000 ( 0.2422)  Acc@5:  0.0000 ( 0.8479)
