Namespace(c_dim=5, c2_dim=8, celeba_crop_size=178, rafd_crop_size=256, image_size=512, g_conv_dim=64, d_conv_dim=64, g_repeat_num=6, d_repeat_num=6, lambda_cls=1, lambda_rec=10, lambda_gp=10, dataset='synth', batch_size=16, num_iters=200000, num_iters_decay=100000, g_lr=0.0001, d_lr=0.0001, n_critic=5, beta1=0.5, beta2=0.999, resume_iters=None, selected_attrs=['Black_Hair', 'Blond_Hair', 'Brown_Hair', 'Male', 'Young'], test_iters=200000, num_workers=1, mode='train', use_tensorboard=False, celeba_image_dir='data/celeba/images', attr_path='data/celeba/list_attr_celeba.txt', rafd_image_dir='data/RaFD/train', log_dir='/milabench/envs/extra/stargan/logs', model_save_dir='/milabench/envs/extra/stargan/models', sample_dir='/milabench/envs/extra/stargan/samples', result_dir='/milabench/envs/extra/stargan/results', log_step=10, sample_step=1000, model_save_step=10000, lr_update_step=1000)
Generator(
  (main): Sequential(
    (0): Conv2d(8, 64, kernel_size=(7, 7), stride=(1, 1), padding=(3, 3), bias=False)
    (1): InstanceNorm2d(64, eps=1e-05, momentum=0.1, affine=True, track_running_stats=True)
    (2): ReLU(inplace=True)
    (3): Conv2d(64, 128, kernel_size=(4, 4), stride=(2, 2), padding=(1, 1), bias=False)
    (4): InstanceNorm2d(128, eps=1e-05, momentum=0.1, affine=True, track_running_stats=True)
    (5): ReLU(inplace=True)
    (6): Conv2d(128, 256, kernel_size=(4, 4), stride=(2, 2), padding=(1, 1), bias=False)
    (7): InstanceNorm2d(256, eps=1e-05, momentum=0.1, affine=True, track_running_stats=True)
    (8): ReLU(inplace=True)
    (9): ResidualBlock(
      (main): Sequential(
        (0): Conv2d(256, 256, kernel_size=(3, 3), stride=(1, 1), padding=(1, 1), bias=False)
        (1): InstanceNorm2d(256, eps=1e-05, momentum=0.1, affine=True, track_running_stats=True)
        (2): ReLU(inplace=True)
        (3): Conv2d(256, 256, kernel_size=(3, 3), stride=(1, 1), padding=(1, 1), bias=False)
        (4): InstanceNorm2d(256, eps=1e-05, momentum=0.1, affine=True, track_running_stats=True)
      )
    )
    (10): ResidualBlock(
      (main): Sequential(
        (0): Conv2d(256, 256, kernel_size=(3, 3), stride=(1, 1), padding=(1, 1), bias=False)
        (1): InstanceNorm2d(256, eps=1e-05, momentum=0.1, affine=True, track_running_stats=True)
        (2): ReLU(inplace=True)
        (3): Conv2d(256, 256, kernel_size=(3, 3), stride=(1, 1), padding=(1, 1), bias=False)
        (4): InstanceNorm2d(256, eps=1e-05, momentum=0.1, affine=True, track_running_stats=True)
      )
    )
    (11): ResidualBlock(
      (main): Sequential(
        (0): Conv2d(256, 256, kernel_size=(3, 3), stride=(1, 1), padding=(1, 1), bias=False)
        (1): InstanceNorm2d(256, eps=1e-05, momentum=0.1, affine=True, track_running_stats=True)
        (2): ReLU(inplace=True)
        (3): Conv2d(256, 256, kernel_size=(3, 3), stride=(1, 1), padding=(1, 1), bias=False)
        (4): InstanceNorm2d(256, eps=1e-05, momentum=0.1, affine=True, track_running_stats=True)
      )
    )
    (12): ResidualBlock(
      (main): Sequential(
        (0): Conv2d(256, 256, kernel_size=(3, 3), stride=(1, 1), padding=(1, 1), bias=False)
        (1): InstanceNorm2d(256, eps=1e-05, momentum=0.1, affine=True, track_running_stats=True)
        (2): ReLU(inplace=True)
        (3): Conv2d(256, 256, kernel_size=(3, 3), stride=(1, 1), padding=(1, 1), bias=False)
        (4): InstanceNorm2d(256, eps=1e-05, momentum=0.1, affine=True, track_running_stats=True)
      )
    )
    (13): ResidualBlock(
      (main): Sequential(
        (0): Conv2d(256, 256, kernel_size=(3, 3), stride=(1, 1), padding=(1, 1), bias=False)
        (1): InstanceNorm2d(256, eps=1e-05, momentum=0.1, affine=True, track_running_stats=True)
        (2): ReLU(inplace=True)
        (3): Conv2d(256, 256, kernel_size=(3, 3), stride=(1, 1), padding=(1, 1), bias=False)
        (4): InstanceNorm2d(256, eps=1e-05, momentum=0.1, affine=True, track_running_stats=True)
      )
    )
    (14): ResidualBlock(
      (main): Sequential(
        (0): Conv2d(256, 256, kernel_size=(3, 3), stride=(1, 1), padding=(1, 1), bias=False)
        (1): InstanceNorm2d(256, eps=1e-05, momentum=0.1, affine=True, track_running_stats=True)
        (2): ReLU(inplace=True)
        (3): Conv2d(256, 256, kernel_size=(3, 3), stride=(1, 1), padding=(1, 1), bias=False)
        (4): InstanceNorm2d(256, eps=1e-05, momentum=0.1, affine=True, track_running_stats=True)
      )
    )
    (15): ConvTranspose2d(256, 128, kernel_size=(4, 4), stride=(2, 2), padding=(1, 1), bias=False)
    (16): InstanceNorm2d(128, eps=1e-05, momentum=0.1, affine=True, track_running_stats=True)
    (17): ReLU(inplace=True)
    (18): ConvTranspose2d(128, 64, kernel_size=(4, 4), stride=(2, 2), padding=(1, 1), bias=False)
    (19): InstanceNorm2d(64, eps=1e-05, momentum=0.1, affine=True, track_running_stats=True)
    (20): ReLU(inplace=True)
    (21): Conv2d(64, 3, kernel_size=(7, 7), stride=(1, 1), padding=(3, 3), bias=False)
    (22): Tanh()
  )
)
G
The number of parameters: 8430528
Discriminator(
  (main): Sequential(
    (0): Conv2d(3, 64, kernel_size=(4, 4), stride=(2, 2), padding=(1, 1))
    (1): LeakyReLU(negative_slope=0.01)
    (2): Conv2d(64, 128, kernel_size=(4, 4), stride=(2, 2), padding=(1, 1))
    (3): LeakyReLU(negative_slope=0.01)
    (4): Conv2d(128, 256, kernel_size=(4, 4), stride=(2, 2), padding=(1, 1))
    (5): LeakyReLU(negative_slope=0.01)
    (6): Conv2d(256, 512, kernel_size=(4, 4), stride=(2, 2), padding=(1, 1))
    (7): LeakyReLU(negative_slope=0.01)
    (8): Conv2d(512, 1024, kernel_size=(4, 4), stride=(2, 2), padding=(1, 1))
    (9): LeakyReLU(negative_slope=0.01)
    (10): Conv2d(1024, 2048, kernel_size=(4, 4), stride=(2, 2), padding=(1, 1))
    (11): LeakyReLU(negative_slope=0.01)
  )
  (conv1): Conv2d(2048, 1, kernel_size=(3, 3), stride=(1, 1), padding=(1, 1), bias=False)
  (conv2): Conv2d(2048, 5, kernel_size=(8, 8), stride=(1, 1), bias=False)
)
D
The number of parameters: 45376448
Start training...
Elapsed [0:02:26], Iteration [10/200000], D/loss_real: -1.4811, D/loss_fake: -0.0317, D/loss_cls: 3.3924, D/loss_gp: 0.0310, G/loss_fake: 0.0560, G/loss_rec: 0.5516, G/loss_cls: 3.3675
Elapsed [0:02:35], Iteration [20/200000], D/loss_real: -0.4329, D/loss_fake: 0.1745, D/loss_cls: 3.2163, D/loss_gp: 0.0410, G/loss_fake: -0.2953, G/loss_rec: 0.5381, G/loss_cls: 3.3058
Elapsed [0:02:44], Iteration [30/200000], D/loss_real: -0.1564, D/loss_fake: -0.4410, D/loss_cls: 3.1861, D/loss_gp: 0.0767, G/loss_fake: 0.7073, G/loss_rec: 0.5325, G/loss_cls: 3.3484
Elapsed [0:02:53], Iteration [40/200000], D/loss_real: -3.0733, D/loss_fake: 0.6310, D/loss_cls: 3.4295, D/loss_gp: 0.0665, G/loss_fake: -0.1360, G/loss_rec: 0.5255, G/loss_cls: 3.2304
Elapsed [0:03:02], Iteration [50/200000], D/loss_real: -2.4212, D/loss_fake: -0.2308, D/loss_cls: 3.4733, D/loss_gp: 0.2158, G/loss_fake: 0.4253, G/loss_rec: 0.5097, G/loss_cls: 3.2622
Elapsed [0:03:11], Iteration [60/200000], D/loss_real: -4.7960, D/loss_fake: 1.8653, D/loss_cls: 3.2899, D/loss_gp: 0.0276, G/loss_fake: -1.3082, G/loss_rec: 0.5049, G/loss_cls: 3.3041
Elapsed [0:03:20], Iteration [70/200000], D/loss_real: -3.6743, D/loss_fake: 1.3760, D/loss_cls: 3.0638, D/loss_gp: 0.0178, G/loss_fake: -1.8030, G/loss_rec: 0.4968, G/loss_cls: 3.3245
Elapsed [0:03:29], Iteration [80/200000], D/loss_real: -4.5211, D/loss_fake: 2.2663, D/loss_cls: 3.0877, D/loss_gp: 0.0001, G/loss_fake: -2.7067, G/loss_rec: 0.4974, G/loss_cls: 3.2651
Elapsed [0:03:38], Iteration [90/200000], D/loss_real: -3.9070, D/loss_fake: 2.2803, D/loss_cls: 3.4811, D/loss_gp: 0.0401, G/loss_fake: -3.3606, G/loss_rec: 0.4972, G/loss_cls: 3.2475
Elapsed [0:03:47], Iteration [100/200000], D/loss_real: -5.6473, D/loss_fake: 3.6018, D/loss_cls: 2.7980, D/loss_gp: 0.0070, G/loss_fake: -3.7985, G/loss_rec: 0.4958, G/loss_cls: 3.2534
