Namespace(c_dim=5, c2_dim=8, celeba_crop_size=178, rafd_crop_size=256, image_size=512, g_conv_dim=64, d_conv_dim=64, g_repeat_num=6, d_repeat_num=6, lambda_cls=1, lambda_rec=10, lambda_gp=10, dataset='synth', batch_size=16, num_iters=200000, num_iters_decay=100000, g_lr=0.0001, d_lr=0.0001, n_critic=5, beta1=0.5, beta2=0.999, resume_iters=None, selected_attrs=['Black_Hair', 'Blond_Hair', 'Brown_Hair', 'Male', 'Young'], test_iters=200000, num_workers=1, mode='train', use_tensorboard=False, celeba_image_dir='data/celeba/images', attr_path='data/celeba/list_attr_celeba.txt', rafd_image_dir='data/RaFD/train', log_dir='/milabench/envs/extra/stargan/logs', model_save_dir='/milabench/envs/extra/stargan/models', sample_dir='/milabench/envs/extra/stargan/samples', result_dir='/milabench/envs/extra/stargan/results', log_step=10, sample_step=1000, model_save_step=10000, lr_update_step=1000)
Generator(
  (main): Sequential(
    (0): Conv2d(8, 64, kernel_size=(7, 7), stride=(1, 1), padding=(3, 3), bias=False)
    (1): InstanceNorm2d(64, eps=1e-05, momentum=0.1, affine=True, track_running_stats=True)
    (2): ReLU(inplace=True)
    (3): Conv2d(64, 128, kernel_size=(4, 4), stride=(2, 2), padding=(1, 1), bias=False)
    (4): InstanceNorm2d(128, eps=1e-05, momentum=0.1, affine=True, track_running_stats=True)
    (5): ReLU(inplace=True)
    (6): Conv2d(128, 256, kernel_size=(4, 4), stride=(2, 2), padding=(1, 1), bias=False)
    (7): InstanceNorm2d(256, eps=1e-05, momentum=0.1, affine=True, track_running_stats=True)
    (8): ReLU(inplace=True)
    (9): ResidualBlock(
      (main): Sequential(
        (0): Conv2d(256, 256, kernel_size=(3, 3), stride=(1, 1), padding=(1, 1), bias=False)
        (1): InstanceNorm2d(256, eps=1e-05, momentum=0.1, affine=True, track_running_stats=True)
        (2): ReLU(inplace=True)
        (3): Conv2d(256, 256, kernel_size=(3, 3), stride=(1, 1), padding=(1, 1), bias=False)
        (4): InstanceNorm2d(256, eps=1e-05, momentum=0.1, affine=True, track_running_stats=True)
      )
    )
    (10): ResidualBlock(
      (main): Sequential(
        (0): Conv2d(256, 256, kernel_size=(3, 3), stride=(1, 1), padding=(1, 1), bias=False)
        (1): InstanceNorm2d(256, eps=1e-05, momentum=0.1, affine=True, track_running_stats=True)
        (2): ReLU(inplace=True)
        (3): Conv2d(256, 256, kernel_size=(3, 3), stride=(1, 1), padding=(1, 1), bias=False)
        (4): InstanceNorm2d(256, eps=1e-05, momentum=0.1, affine=True, track_running_stats=True)
      )
    )
    (11): ResidualBlock(
      (main): Sequential(
        (0): Conv2d(256, 256, kernel_size=(3, 3), stride=(1, 1), padding=(1, 1), bias=False)
        (1): InstanceNorm2d(256, eps=1e-05, momentum=0.1, affine=True, track_running_stats=True)
        (2): ReLU(inplace=True)
        (3): Conv2d(256, 256, kernel_size=(3, 3), stride=(1, 1), padding=(1, 1), bias=False)
        (4): InstanceNorm2d(256, eps=1e-05, momentum=0.1, affine=True, track_running_stats=True)
      )
    )
    (12): ResidualBlock(
      (main): Sequential(
        (0): Conv2d(256, 256, kernel_size=(3, 3), stride=(1, 1), padding=(1, 1), bias=False)
        (1): InstanceNorm2d(256, eps=1e-05, momentum=0.1, affine=True, track_running_stats=True)
        (2): ReLU(inplace=True)
        (3): Conv2d(256, 256, kernel_size=(3, 3), stride=(1, 1), padding=(1, 1), bias=False)
        (4): InstanceNorm2d(256, eps=1e-05, momentum=0.1, affine=True, track_running_stats=True)
      )
    )
    (13): ResidualBlock(
      (main): Sequential(
        (0): Conv2d(256, 256, kernel_size=(3, 3), stride=(1, 1), padding=(1, 1), bias=False)
        (1): InstanceNorm2d(256, eps=1e-05, momentum=0.1, affine=True, track_running_stats=True)
        (2): ReLU(inplace=True)
        (3): Conv2d(256, 256, kernel_size=(3, 3), stride=(1, 1), padding=(1, 1), bias=False)
        (4): InstanceNorm2d(256, eps=1e-05, momentum=0.1, affine=True, track_running_stats=True)
      )
    )
    (14): ResidualBlock(
      (main): Sequential(
        (0): Conv2d(256, 256, kernel_size=(3, 3), stride=(1, 1), padding=(1, 1), bias=False)
        (1): InstanceNorm2d(256, eps=1e-05, momentum=0.1, affine=True, track_running_stats=True)
        (2): ReLU(inplace=True)
        (3): Conv2d(256, 256, kernel_size=(3, 3), stride=(1, 1), padding=(1, 1), bias=False)
        (4): InstanceNorm2d(256, eps=1e-05, momentum=0.1, affine=True, track_running_stats=True)
      )
    )
    (15): ConvTranspose2d(256, 128, kernel_size=(4, 4), stride=(2, 2), padding=(1, 1), bias=False)
    (16): InstanceNorm2d(128, eps=1e-05, momentum=0.1, affine=True, track_running_stats=True)
    (17): ReLU(inplace=True)
    (18): ConvTranspose2d(128, 64, kernel_size=(4, 4), stride=(2, 2), padding=(1, 1), bias=False)
    (19): InstanceNorm2d(64, eps=1e-05, momentum=0.1, affine=True, track_running_stats=True)
    (20): ReLU(inplace=True)
    (21): Conv2d(64, 3, kernel_size=(7, 7), stride=(1, 1), padding=(3, 3), bias=False)
    (22): Tanh()
  )
)
G
The number of parameters: 8430528
Discriminator(
  (main): Sequential(
    (0): Conv2d(3, 64, kernel_size=(4, 4), stride=(2, 2), padding=(1, 1))
    (1): LeakyReLU(negative_slope=0.01)
    (2): Conv2d(64, 128, kernel_size=(4, 4), stride=(2, 2), padding=(1, 1))
    (3): LeakyReLU(negative_slope=0.01)
    (4): Conv2d(128, 256, kernel_size=(4, 4), stride=(2, 2), padding=(1, 1))
    (5): LeakyReLU(negative_slope=0.01)
    (6): Conv2d(256, 512, kernel_size=(4, 4), stride=(2, 2), padding=(1, 1))
    (7): LeakyReLU(negative_slope=0.01)
    (8): Conv2d(512, 1024, kernel_size=(4, 4), stride=(2, 2), padding=(1, 1))
    (9): LeakyReLU(negative_slope=0.01)
    (10): Conv2d(1024, 2048, kernel_size=(4, 4), stride=(2, 2), padding=(1, 1))
    (11): LeakyReLU(negative_slope=0.01)
  )
  (conv1): Conv2d(2048, 1, kernel_size=(3, 3), stride=(1, 1), padding=(1, 1), bias=False)
  (conv2): Conv2d(2048, 5, kernel_size=(8, 8), stride=(1, 1), bias=False)
)
D
The number of parameters: 45376448
Start training...
Elapsed [0:02:26], Iteration [10/200000], D/loss_real: -1.7605, D/loss_fake: 0.1552, D/loss_cls: 3.3602, D/loss_gp: 0.0576, G/loss_fake: -0.5258, G/loss_rec: 0.5480, G/loss_cls: 3.4598
Elapsed [0:02:35], Iteration [20/200000], D/loss_real: -0.5484, D/loss_fake: -0.1024, D/loss_cls: 3.2472, D/loss_gp: 0.0243, G/loss_fake: 0.1142, G/loss_rec: 0.5299, G/loss_cls: 3.3491
Elapsed [0:02:44], Iteration [30/200000], D/loss_real: -2.2977, D/loss_fake: 0.5174, D/loss_cls: 3.8637, D/loss_gp: 0.0752, G/loss_fake: -0.8304, G/loss_rec: 0.5285, G/loss_cls: 3.4614
Elapsed [0:02:53], Iteration [40/200000], D/loss_real: -5.7522, D/loss_fake: 2.6475, D/loss_cls: 3.3607, D/loss_gp: 0.0094, G/loss_fake: -3.6247, G/loss_rec: 0.5234, G/loss_cls: 3.4276
Elapsed [0:03:02], Iteration [50/200000], D/loss_real: -5.1783, D/loss_fake: 2.2702, D/loss_cls: 3.3212, D/loss_gp: 0.0196, G/loss_fake: -2.5101, G/loss_rec: 0.5233, G/loss_cls: 3.3717
Elapsed [0:03:11], Iteration [60/200000], D/loss_real: -5.6904, D/loss_fake: 3.5314, D/loss_cls: 3.4677, D/loss_gp: 0.0037, G/loss_fake: -3.5561, G/loss_rec: 0.5286, G/loss_cls: 3.4884
Elapsed [0:03:20], Iteration [70/200000], D/loss_real: -4.4864, D/loss_fake: 3.2577, D/loss_cls: 3.1701, D/loss_gp: 0.0183, G/loss_fake: -5.0250, G/loss_rec: 0.5441, G/loss_cls: 3.3410
Elapsed [0:03:30], Iteration [80/200000], D/loss_real: -5.6517, D/loss_fake: 4.5152, D/loss_cls: 3.1888, D/loss_gp: 0.0294, G/loss_fake: -3.3347, G/loss_rec: 0.5870, G/loss_cls: 3.4072
Elapsed [0:03:39], Iteration [90/200000], D/loss_real: -0.1828, D/loss_fake: -1.2253, D/loss_cls: 3.7349, D/loss_gp: 0.1028, G/loss_fake: -4.3915, G/loss_rec: 0.5745, G/loss_cls: 4.1247
Elapsed [0:03:48], Iteration [100/200000], D/loss_real: -4.1530, D/loss_fake: 3.0264, D/loss_cls: 3.2685, D/loss_gp: 0.0047, G/loss_fake: -2.8409, G/loss_rec: 0.5689, G/loss_cls: 3.3493
