Namespace(c_dim=5, c2_dim=8, celeba_crop_size=178, rafd_crop_size=256, image_size=512, g_conv_dim=64, d_conv_dim=64, g_repeat_num=6, d_repeat_num=6, lambda_cls=1, lambda_rec=10, lambda_gp=10, dataset='synth', batch_size=16, num_iters=200000, num_iters_decay=100000, g_lr=0.0001, d_lr=0.0001, n_critic=5, beta1=0.5, beta2=0.999, resume_iters=None, selected_attrs=['Black_Hair', 'Blond_Hair', 'Brown_Hair', 'Male', 'Young'], test_iters=200000, num_workers=1, mode='train', use_tensorboard=False, celeba_image_dir='data/celeba/images', attr_path='data/celeba/list_attr_celeba.txt', rafd_image_dir='data/RaFD/train', log_dir='/milabench/envs/extra/stargan/logs', model_save_dir='/milabench/envs/extra/stargan/models', sample_dir='/milabench/envs/extra/stargan/samples', result_dir='/milabench/envs/extra/stargan/results', log_step=10, sample_step=1000, model_save_step=10000, lr_update_step=1000)
Generator(
  (main): Sequential(
    (0): Conv2d(8, 64, kernel_size=(7, 7), stride=(1, 1), padding=(3, 3), bias=False)
    (1): InstanceNorm2d(64, eps=1e-05, momentum=0.1, affine=True, track_running_stats=True)
    (2): ReLU(inplace=True)
    (3): Conv2d(64, 128, kernel_size=(4, 4), stride=(2, 2), padding=(1, 1), bias=False)
    (4): InstanceNorm2d(128, eps=1e-05, momentum=0.1, affine=True, track_running_stats=True)
    (5): ReLU(inplace=True)
    (6): Conv2d(128, 256, kernel_size=(4, 4), stride=(2, 2), padding=(1, 1), bias=False)
    (7): InstanceNorm2d(256, eps=1e-05, momentum=0.1, affine=True, track_running_stats=True)
    (8): ReLU(inplace=True)
    (9): ResidualBlock(
      (main): Sequential(
        (0): Conv2d(256, 256, kernel_size=(3, 3), stride=(1, 1), padding=(1, 1), bias=False)
        (1): InstanceNorm2d(256, eps=1e-05, momentum=0.1, affine=True, track_running_stats=True)
        (2): ReLU(inplace=True)
        (3): Conv2d(256, 256, kernel_size=(3, 3), stride=(1, 1), padding=(1, 1), bias=False)
        (4): InstanceNorm2d(256, eps=1e-05, momentum=0.1, affine=True, track_running_stats=True)
      )
    )
    (10): ResidualBlock(
      (main): Sequential(
        (0): Conv2d(256, 256, kernel_size=(3, 3), stride=(1, 1), padding=(1, 1), bias=False)
        (1): InstanceNorm2d(256, eps=1e-05, momentum=0.1, affine=True, track_running_stats=True)
        (2): ReLU(inplace=True)
        (3): Conv2d(256, 256, kernel_size=(3, 3), stride=(1, 1), padding=(1, 1), bias=False)
        (4): InstanceNorm2d(256, eps=1e-05, momentum=0.1, affine=True, track_running_stats=True)
      )
    )
    (11): ResidualBlock(
      (main): Sequential(
        (0): Conv2d(256, 256, kernel_size=(3, 3), stride=(1, 1), padding=(1, 1), bias=False)
        (1): InstanceNorm2d(256, eps=1e-05, momentum=0.1, affine=True, track_running_stats=True)
        (2): ReLU(inplace=True)
        (3): Conv2d(256, 256, kernel_size=(3, 3), stride=(1, 1), padding=(1, 1), bias=False)
        (4): InstanceNorm2d(256, eps=1e-05, momentum=0.1, affine=True, track_running_stats=True)
      )
    )
    (12): ResidualBlock(
      (main): Sequential(
        (0): Conv2d(256, 256, kernel_size=(3, 3), stride=(1, 1), padding=(1, 1), bias=False)
        (1): InstanceNorm2d(256, eps=1e-05, momentum=0.1, affine=True, track_running_stats=True)
        (2): ReLU(inplace=True)
        (3): Conv2d(256, 256, kernel_size=(3, 3), stride=(1, 1), padding=(1, 1), bias=False)
        (4): InstanceNorm2d(256, eps=1e-05, momentum=0.1, affine=True, track_running_stats=True)
      )
    )
    (13): ResidualBlock(
      (main): Sequential(
        (0): Conv2d(256, 256, kernel_size=(3, 3), stride=(1, 1), padding=(1, 1), bias=False)
        (1): InstanceNorm2d(256, eps=1e-05, momentum=0.1, affine=True, track_running_stats=True)
        (2): ReLU(inplace=True)
        (3): Conv2d(256, 256, kernel_size=(3, 3), stride=(1, 1), padding=(1, 1), bias=False)
        (4): InstanceNorm2d(256, eps=1e-05, momentum=0.1, affine=True, track_running_stats=True)
      )
    )
    (14): ResidualBlock(
      (main): Sequential(
        (0): Conv2d(256, 256, kernel_size=(3, 3), stride=(1, 1), padding=(1, 1), bias=False)
        (1): InstanceNorm2d(256, eps=1e-05, momentum=0.1, affine=True, track_running_stats=True)
        (2): ReLU(inplace=True)
        (3): Conv2d(256, 256, kernel_size=(3, 3), stride=(1, 1), padding=(1, 1), bias=False)
        (4): InstanceNorm2d(256, eps=1e-05, momentum=0.1, affine=True, track_running_stats=True)
      )
    )
    (15): ConvTranspose2d(256, 128, kernel_size=(4, 4), stride=(2, 2), padding=(1, 1), bias=False)
    (16): InstanceNorm2d(128, eps=1e-05, momentum=0.1, affine=True, track_running_stats=True)
    (17): ReLU(inplace=True)
    (18): ConvTranspose2d(128, 64, kernel_size=(4, 4), stride=(2, 2), padding=(1, 1), bias=False)
    (19): InstanceNorm2d(64, eps=1e-05, momentum=0.1, affine=True, track_running_stats=True)
    (20): ReLU(inplace=True)
    (21): Conv2d(64, 3, kernel_size=(7, 7), stride=(1, 1), padding=(3, 3), bias=False)
    (22): Tanh()
  )
)
G
The number of parameters: 8430528
Discriminator(
  (main): Sequential(
    (0): Conv2d(3, 64, kernel_size=(4, 4), stride=(2, 2), padding=(1, 1))
    (1): LeakyReLU(negative_slope=0.01)
    (2): Conv2d(64, 128, kernel_size=(4, 4), stride=(2, 2), padding=(1, 1))
    (3): LeakyReLU(negative_slope=0.01)
    (4): Conv2d(128, 256, kernel_size=(4, 4), stride=(2, 2), padding=(1, 1))
    (5): LeakyReLU(negative_slope=0.01)
    (6): Conv2d(256, 512, kernel_size=(4, 4), stride=(2, 2), padding=(1, 1))
    (7): LeakyReLU(negative_slope=0.01)
    (8): Conv2d(512, 1024, kernel_size=(4, 4), stride=(2, 2), padding=(1, 1))
    (9): LeakyReLU(negative_slope=0.01)
    (10): Conv2d(1024, 2048, kernel_size=(4, 4), stride=(2, 2), padding=(1, 1))
    (11): LeakyReLU(negative_slope=0.01)
  )
  (conv1): Conv2d(2048, 1, kernel_size=(3, 3), stride=(1, 1), padding=(1, 1), bias=False)
  (conv2): Conv2d(2048, 5, kernel_size=(8, 8), stride=(1, 1), bias=False)
)
D
The number of parameters: 45376448
Start training...
Elapsed [0:02:26], Iteration [10/200000], D/loss_real: -1.1270, D/loss_fake: -0.2808, D/loss_cls: 3.2655, D/loss_gp: 0.0087, G/loss_fake: 0.3012, G/loss_rec: 0.5492, G/loss_cls: 4.0354
Elapsed [0:02:35], Iteration [20/200000], D/loss_real: -0.1245, D/loss_fake: -0.0716, D/loss_cls: 3.2400, D/loss_gp: 0.1231, G/loss_fake: -0.0002, G/loss_rec: 0.5348, G/loss_cls: 3.3280
Elapsed [0:02:44], Iteration [30/200000], D/loss_real: -1.5524, D/loss_fake: -0.0357, D/loss_cls: 3.5254, D/loss_gp: 0.0280, G/loss_fake: 0.2796, G/loss_rec: 0.5278, G/loss_cls: 3.6896
Elapsed [0:02:53], Iteration [40/200000], D/loss_real: -2.6365, D/loss_fake: 0.7268, D/loss_cls: 4.1859, D/loss_gp: 0.0230, G/loss_fake: -2.3430, G/loss_rec: 0.5222, G/loss_cls: 3.6144
Elapsed [0:03:03], Iteration [50/200000], D/loss_real: -5.1675, D/loss_fake: 1.8088, D/loss_cls: 3.2911, D/loss_gp: 0.0719, G/loss_fake: -1.5062, G/loss_rec: 0.5220, G/loss_cls: 3.3987
Elapsed [0:03:12], Iteration [60/200000], D/loss_real: -5.9043, D/loss_fake: 2.9013, D/loss_cls: 3.2311, D/loss_gp: 0.0188, G/loss_fake: -2.9651, G/loss_rec: 0.5130, G/loss_cls: 3.3226
Elapsed [0:03:21], Iteration [70/200000], D/loss_real: -6.0485, D/loss_fake: 3.5660, D/loss_cls: 3.2817, D/loss_gp: 0.0095, G/loss_fake: -3.6902, G/loss_rec: 0.5167, G/loss_cls: 3.3989
Elapsed [0:03:30], Iteration [80/200000], D/loss_real: -5.8072, D/loss_fake: 3.9260, D/loss_cls: 3.1960, D/loss_gp: 0.0015, G/loss_fake: -4.4112, G/loss_rec: 0.5220, G/loss_cls: 3.3916
Elapsed [0:03:39], Iteration [90/200000], D/loss_real: -6.4440, D/loss_fake: 4.8664, D/loss_cls: 3.0600, D/loss_gp: 0.0417, G/loss_fake: -3.5280, G/loss_rec: 0.5369, G/loss_cls: 3.3450
Elapsed [0:03:48], Iteration [100/200000], D/loss_real: -6.8021, D/loss_fake: 5.5600, D/loss_cls: 3.0488, D/loss_gp: 0.0579, G/loss_fake: -2.7787, G/loss_rec: 0.5480, G/loss_cls: 3.3818
